Archive member included because of file (symbol)

d:/cources/embededcources/enmbededd imt/new folder/00-tools/03-imt sdk/03- imt sdk/imt_sdk_win_64/winavr/bin/../lib/gcc/avr/4.3.3/avr5\libgcc.a(_udivmodhi4.o)
                              ./MCAL/UART_Driver/UART_Program.o (__udivmodhi4)
d:/cources/embededcources/enmbededd imt/new folder/00-tools/03-imt sdk/03- imt sdk/imt_sdk_win_64/winavr/bin/../lib/gcc/avr/4.3.3/avr5\libgcc.a(_divmodhi4.o)
                              ./MCAL/UART_Driver/UART_Program.o (__divmodhi4)
d:/cources/embededcources/enmbededd imt/new folder/00-tools/03-imt sdk/03- imt sdk/imt_sdk_win_64/winavr/bin/../lib/gcc/avr/4.3.3/avr5\libgcc.a(_exit.o)
                              d:/cources/embededcources/enmbededd imt/new folder/00-tools/03-imt sdk/03- imt sdk/imt_sdk_win_64/winavr/bin/../lib/gcc/avr/4.3.3/../../../../avr/lib/avr5/crtm32.o (exit)
d:/cources/embededcources/enmbededd imt/new folder/00-tools/03-imt sdk/03- imt sdk/imt_sdk_win_64/winavr/bin/../lib/gcc/avr/4.3.3/avr5\libgcc.a(_copy_data.o)
                              ./MCAL/ADC_Driver/ADC_Program.o (__do_copy_data)
d:/cources/embededcources/enmbededd imt/new folder/00-tools/03-imt sdk/03- imt sdk/imt_sdk_win_64/winavr/bin/../lib/gcc/avr/4.3.3/avr5\libgcc.a(_clear_bss.o)
                              ./MCAL/UART_Driver/UART_Program.o (__do_clear_bss)
d:/cources/embededcources/enmbededd imt/new folder/00-tools/03-imt sdk/03- imt sdk/imt_sdk_win_64/winavr/bin/../lib/gcc/avr/4.3.3/avr5\libgcc.a(_fixunssfsi.o)
                              ./MCAL/UART_Driver/UART_Program.o (__fixunssfsi)
d:/cources/embededcources/enmbededd imt/new folder/00-tools/03-imt sdk/03- imt sdk/imt_sdk_win_64/winavr/bin/../lib/gcc/avr/4.3.3/avr5\libgcc.a(_addsub_sf.o)
                              ./MCAL/UART_Driver/UART_Program.o (__subsf3)
d:/cources/embededcources/enmbededd imt/new folder/00-tools/03-imt sdk/03- imt sdk/imt_sdk_win_64/winavr/bin/../lib/gcc/avr/4.3.3/avr5\libgcc.a(_mul_sf.o)
                              ./MCAL/UART_Driver/UART_Program.o (__mulsf3)
d:/cources/embededcources/enmbededd imt/new folder/00-tools/03-imt sdk/03- imt sdk/imt_sdk_win_64/winavr/bin/../lib/gcc/avr/4.3.3/avr5\libgcc.a(_div_sf.o)
                              ./HAL/LM35_Module/LM35_Program.o (__divsf3)
d:/cources/embededcources/enmbededd imt/new folder/00-tools/03-imt sdk/03- imt sdk/imt_sdk_win_64/winavr/bin/../lib/gcc/avr/4.3.3/avr5\libgcc.a(_ge_sf.o)
                              d:/cources/embededcources/enmbededd imt/new folder/00-tools/03-imt sdk/03- imt sdk/imt_sdk_win_64/winavr/bin/../lib/gcc/avr/4.3.3/avr5\libgcc.a(_fixunssfsi.o) (__gesf2)
d:/cources/embededcources/enmbededd imt/new folder/00-tools/03-imt sdk/03- imt sdk/imt_sdk_win_64/winavr/bin/../lib/gcc/avr/4.3.3/avr5\libgcc.a(_lt_sf.o)
                              ./MCAL/UART_Driver/UART_Program.o (__ltsf2)
d:/cources/embededcources/enmbededd imt/new folder/00-tools/03-imt sdk/03- imt sdk/imt_sdk_win_64/winavr/bin/../lib/gcc/avr/4.3.3/avr5\libgcc.a(_sf_to_si.o)
                              ./MCAL/UART_Driver/UART_Program.o (__fixsfsi)
d:/cources/embededcources/enmbededd imt/new folder/00-tools/03-imt sdk/03- imt sdk/imt_sdk_win_64/winavr/bin/../lib/gcc/avr/4.3.3/avr5\libgcc.a(_thenan_sf.o)
                              d:/cources/embededcources/enmbededd imt/new folder/00-tools/03-imt sdk/03- imt sdk/imt_sdk_win_64/winavr/bin/../lib/gcc/avr/4.3.3/avr5\libgcc.a(_addsub_sf.o) (__thenan_sf)
d:/cources/embededcources/enmbededd imt/new folder/00-tools/03-imt sdk/03- imt sdk/imt_sdk_win_64/winavr/bin/../lib/gcc/avr/4.3.3/avr5\libgcc.a(_usi_to_sf.o)
                              ./MCAL/UART_Driver/UART_Program.o (__floatunsisf)
d:/cources/embededcources/enmbededd imt/new folder/00-tools/03-imt sdk/03- imt sdk/imt_sdk_win_64/winavr/bin/../lib/gcc/avr/4.3.3/avr5\libgcc.a(_prologue.o)
                              d:/cources/embededcources/enmbededd imt/new folder/00-tools/03-imt sdk/03- imt sdk/imt_sdk_win_64/winavr/bin/../lib/gcc/avr/4.3.3/avr5\libgcc.a(_addsub_sf.o) (__prologue_saves__)
d:/cources/embededcources/enmbededd imt/new folder/00-tools/03-imt sdk/03- imt sdk/imt_sdk_win_64/winavr/bin/../lib/gcc/avr/4.3.3/avr5\libgcc.a(_epilogue.o)
                              d:/cources/embededcources/enmbededd imt/new folder/00-tools/03-imt sdk/03- imt sdk/imt_sdk_win_64/winavr/bin/../lib/gcc/avr/4.3.3/avr5\libgcc.a(_addsub_sf.o) (__epilogue_restores__)
d:/cources/embededcources/enmbededd imt/new folder/00-tools/03-imt sdk/03- imt sdk/imt_sdk_win_64/winavr/bin/../lib/gcc/avr/4.3.3/avr5\libgcc.a(_clzsi2.o)
                              d:/cources/embededcources/enmbededd imt/new folder/00-tools/03-imt sdk/03- imt sdk/imt_sdk_win_64/winavr/bin/../lib/gcc/avr/4.3.3/avr5\libgcc.a(_usi_to_sf.o) (__clzsi2)
d:/cources/embededcources/enmbededd imt/new folder/00-tools/03-imt sdk/03- imt sdk/imt_sdk_win_64/winavr/bin/../lib/gcc/avr/4.3.3/avr5\libgcc.a(_pack_sf.o)
                              d:/cources/embededcources/enmbededd imt/new folder/00-tools/03-imt sdk/03- imt sdk/imt_sdk_win_64/winavr/bin/../lib/gcc/avr/4.3.3/avr5\libgcc.a(_addsub_sf.o) (__pack_f)
d:/cources/embededcources/enmbededd imt/new folder/00-tools/03-imt sdk/03- imt sdk/imt_sdk_win_64/winavr/bin/../lib/gcc/avr/4.3.3/avr5\libgcc.a(_unpack_sf.o)
                              d:/cources/embededcources/enmbededd imt/new folder/00-tools/03-imt sdk/03- imt sdk/imt_sdk_win_64/winavr/bin/../lib/gcc/avr/4.3.3/avr5\libgcc.a(_addsub_sf.o) (__unpack_f)
d:/cources/embededcources/enmbededd imt/new folder/00-tools/03-imt sdk/03- imt sdk/imt_sdk_win_64/winavr/bin/../lib/gcc/avr/4.3.3/avr5\libgcc.a(_fpcmp_parts_sf.o)
                              d:/cources/embededcources/enmbededd imt/new folder/00-tools/03-imt sdk/03- imt sdk/imt_sdk_win_64/winavr/bin/../lib/gcc/avr/4.3.3/avr5\libgcc.a(_ge_sf.o) (__fpcmp_parts_f)
d:/cources/embededcources/enmbededd imt/new folder/00-tools/03-imt sdk/03- imt sdk/imt_sdk_win_64/winavr/bin/../lib/gcc/avr/4.3.3/avr5\libgcc.a(_clz.o)
                              d:/cources/embededcources/enmbededd imt/new folder/00-tools/03-imt sdk/03- imt sdk/imt_sdk_win_64/winavr/bin/../lib/gcc/avr/4.3.3/avr5\libgcc.a(_clzsi2.o) (__clz_tab)
d:/cources/embededcources/enmbededd imt/new folder/00-tools/03-imt sdk/03- imt sdk/imt_sdk_win_64/winavr/bin/../lib/gcc/avr/4.3.3/../../../../avr/lib/avr5\libc.a(malloc.o)
                              ./APP/main.o (malloc)
d:/cources/embededcources/enmbededd imt/new folder/00-tools/03-imt sdk/03- imt sdk/imt_sdk_win_64/winavr/bin/../lib/gcc/avr/4.3.3/../../../../avr/lib/avr5\libc.a(strcpy.o)
                              ./APP/main.o (strcpy)
d:/cources/embededcources/enmbededd imt/new folder/00-tools/03-imt sdk/03- imt sdk/imt_sdk_win_64/winavr/bin/../lib/gcc/avr/4.3.3/../../../../avr/lib/avr5\libc.a(gets.o)
                              ./APP/main.o (gets)
d:/cources/embededcources/enmbededd imt/new folder/00-tools/03-imt sdk/03- imt sdk/imt_sdk_win_64/winavr/bin/../lib/gcc/avr/4.3.3/../../../../avr/lib/avr5\libc.a(iob.o)
                              d:/cources/embededcources/enmbededd imt/new folder/00-tools/03-imt sdk/03- imt sdk/imt_sdk_win_64/winavr/bin/../lib/gcc/avr/4.3.3/../../../../avr/lib/avr5\libc.a(gets.o) (__iob)
d:/cources/embededcources/enmbededd imt/new folder/00-tools/03-imt sdk/03- imt sdk/imt_sdk_win_64/winavr/bin/../lib/gcc/avr/4.3.3/../../../../avr/lib/avr5\libc.a(printf.o)
                              ./APP/main.o (printf)
d:/cources/embededcources/enmbededd imt/new folder/00-tools/03-imt sdk/03- imt sdk/imt_sdk_win_64/winavr/bin/../lib/gcc/avr/4.3.3/../../../../avr/lib/avr5\libc.a(puts.o)
                              ./APP/main.o (puts)
d:/cources/embededcources/enmbededd imt/new folder/00-tools/03-imt sdk/03- imt sdk/imt_sdk_win_64/winavr/bin/../lib/gcc/avr/4.3.3/../../../../avr/lib/avr5\libc.a(scanf.o)
                              ./APP/main.o (scanf)
d:/cources/embededcources/enmbededd imt/new folder/00-tools/03-imt sdk/03- imt sdk/imt_sdk_win_64/winavr/bin/../lib/gcc/avr/4.3.3/../../../../avr/lib/avr5\libc.a(vfprintf_std.o)
                              d:/cources/embededcources/enmbededd imt/new folder/00-tools/03-imt sdk/03- imt sdk/imt_sdk_win_64/winavr/bin/../lib/gcc/avr/4.3.3/../../../../avr/lib/avr5\libc.a(printf.o) (vfprintf)
d:/cources/embededcources/enmbededd imt/new folder/00-tools/03-imt sdk/03- imt sdk/imt_sdk_win_64/winavr/bin/../lib/gcc/avr/4.3.3/../../../../avr/lib/avr5\libc.a(vfscanf_std.o)
                              d:/cources/embededcources/enmbededd imt/new folder/00-tools/03-imt sdk/03- imt sdk/imt_sdk_win_64/winavr/bin/../lib/gcc/avr/4.3.3/../../../../avr/lib/avr5\libc.a(scanf.o) (vfscanf)
d:/cources/embededcources/enmbededd imt/new folder/00-tools/03-imt sdk/03- imt sdk/imt_sdk_win_64/winavr/bin/../lib/gcc/avr/4.3.3/../../../../avr/lib/avr5\libc.a(isspace.o)
                              d:/cources/embededcources/enmbededd imt/new folder/00-tools/03-imt sdk/03- imt sdk/imt_sdk_win_64/winavr/bin/../lib/gcc/avr/4.3.3/../../../../avr/lib/avr5\libc.a(vfscanf_std.o) (isspace)
d:/cources/embededcources/enmbededd imt/new folder/00-tools/03-imt sdk/03- imt sdk/imt_sdk_win_64/winavr/bin/../lib/gcc/avr/4.3.3/../../../../avr/lib/avr5\libc.a(strchr_P.o)
                              d:/cources/embededcources/enmbededd imt/new folder/00-tools/03-imt sdk/03- imt sdk/imt_sdk_win_64/winavr/bin/../lib/gcc/avr/4.3.3/../../../../avr/lib/avr5\libc.a(vfscanf_std.o) (strchr_P)
d:/cources/embededcources/enmbededd imt/new folder/00-tools/03-imt sdk/03- imt sdk/imt_sdk_win_64/winavr/bin/../lib/gcc/avr/4.3.3/../../../../avr/lib/avr5\libc.a(strnlen_P.o)
                              d:/cources/embededcources/enmbededd imt/new folder/00-tools/03-imt sdk/03- imt sdk/imt_sdk_win_64/winavr/bin/../lib/gcc/avr/4.3.3/../../../../avr/lib/avr5\libc.a(vfprintf_std.o) (strnlen_P)
d:/cources/embededcources/enmbededd imt/new folder/00-tools/03-imt sdk/03- imt sdk/imt_sdk_win_64/winavr/bin/../lib/gcc/avr/4.3.3/../../../../avr/lib/avr5\libc.a(strnlen.o)
                              d:/cources/embededcources/enmbededd imt/new folder/00-tools/03-imt sdk/03- imt sdk/imt_sdk_win_64/winavr/bin/../lib/gcc/avr/4.3.3/../../../../avr/lib/avr5\libc.a(vfprintf_std.o) (strnlen)
d:/cources/embededcources/enmbededd imt/new folder/00-tools/03-imt sdk/03- imt sdk/imt_sdk_win_64/winavr/bin/../lib/gcc/avr/4.3.3/../../../../avr/lib/avr5\libc.a(fgetc.o)
                              d:/cources/embededcources/enmbededd imt/new folder/00-tools/03-imt sdk/03- imt sdk/imt_sdk_win_64/winavr/bin/../lib/gcc/avr/4.3.3/../../../../avr/lib/avr5\libc.a(gets.o) (fgetc)
d:/cources/embededcources/enmbededd imt/new folder/00-tools/03-imt sdk/03- imt sdk/imt_sdk_win_64/winavr/bin/../lib/gcc/avr/4.3.3/../../../../avr/lib/avr5\libc.a(fputc.o)
                              d:/cources/embededcources/enmbededd imt/new folder/00-tools/03-imt sdk/03- imt sdk/imt_sdk_win_64/winavr/bin/../lib/gcc/avr/4.3.3/../../../../avr/lib/avr5\libc.a(vfprintf_std.o) (fputc)
d:/cources/embededcources/enmbededd imt/new folder/00-tools/03-imt sdk/03- imt sdk/imt_sdk_win_64/winavr/bin/../lib/gcc/avr/4.3.3/../../../../avr/lib/avr5\libc.a(ungetc.o)
                              d:/cources/embededcources/enmbededd imt/new folder/00-tools/03-imt sdk/03- imt sdk/imt_sdk_win_64/winavr/bin/../lib/gcc/avr/4.3.3/../../../../avr/lib/avr5\libc.a(vfscanf_std.o) (ungetc)
d:/cources/embededcources/enmbededd imt/new folder/00-tools/03-imt sdk/03- imt sdk/imt_sdk_win_64/winavr/bin/../lib/gcc/avr/4.3.3/../../../../avr/lib/avr5\libc.a(ultoa_invert.o)
                              d:/cources/embededcources/enmbededd imt/new folder/00-tools/03-imt sdk/03- imt sdk/imt_sdk_win_64/winavr/bin/../lib/gcc/avr/4.3.3/../../../../avr/lib/avr5\libc.a(vfprintf_std.o) (__ultoa_invert)
d:/cources/embededcources/enmbededd imt/new folder/00-tools/03-imt sdk/03- imt sdk/imt_sdk_win_64/winavr/bin/../lib/gcc/avr/4.3.3/../../../../avr/lib/avr5\libc.a(cty_isfalse.o)
                              d:/cources/embededcources/enmbededd imt/new folder/00-tools/03-imt sdk/03- imt sdk/imt_sdk_win_64/winavr/bin/../lib/gcc/avr/4.3.3/../../../../avr/lib/avr5\libc.a(isspace.o) (__ctype_isfalse)

Allocating common symbols
Common symbol       size              file

__brkval            0x2               d:/cources/embededcources/enmbededd imt/new folder/00-tools/03-imt sdk/03- imt sdk/imt_sdk_win_64/winavr/bin/../lib/gcc/avr/4.3.3/../../../../avr/lib/avr5\libc.a(malloc.o)
__flp               0x2               d:/cources/embededcources/enmbededd imt/new folder/00-tools/03-imt sdk/03- imt sdk/imt_sdk_win_64/winavr/bin/../lib/gcc/avr/4.3.3/../../../../avr/lib/avr5\libc.a(malloc.o)
__iob               0x6               d:/cources/embededcources/enmbededd imt/new folder/00-tools/03-imt sdk/03- imt sdk/imt_sdk_win_64/winavr/bin/../lib/gcc/avr/4.3.3/../../../../avr/lib/avr5\libc.a(iob.o)

Memory Configuration

Name             Origin             Length             Attributes
text             0x00000000         0x00020000         xr
data             0x00800060         0x0000ffa0         rw !x
eeprom           0x00810000         0x00010000         rw !x
fuse             0x00820000         0x00000400         rw !x
lock             0x00830000         0x00000400         rw !x
signature        0x00840000         0x00000400         rw !x
*default*        0x00000000         0xffffffff

Linker script and memory map

LOAD d:/cources/embededcources/enmbededd imt/new folder/00-tools/03-imt sdk/03- imt sdk/imt_sdk_win_64/winavr/bin/../lib/gcc/avr/4.3.3/../../../../avr/lib/avr5/crtm32.o
LOAD ./MCAL/UART_Driver/UART_Program.o
LOAD ./MCAL/Timer_Driver/Timer_Program.o
LOAD ./MCAL/PORT_Driver/PORT_Program.o
LOAD ./MCAL/GIE_Driver/GIE_Program.o
LOAD ./MCAL/External_Interrupt_Driver/External_Interrupt_Program.o
LOAD ./MCAL/DIO_Driver/DIO_Program.o
LOAD ./MCAL/ADC_Driver/ADC_Program.o
LOAD ./HAL/ServoMotor_Handler/ServoMotor_Program.o
LOAD ./HAL/LM35_Module/LM35_Program.o
LOAD ./HAL/LED_Module/LED1_Program.o
LOAD ./HAL/LCD_Module/LCD_Program.o
LOAD ./HAL/Keypad_Module/Keypad_Program.o
LOAD ./HAL/DC_MOTOR/DC_MOTOR_Program.o
LOAD ./APP/main.o
LOAD d:/cources/embededcources/enmbededd imt/new folder/00-tools/03-imt sdk/03- imt sdk/imt_sdk_win_64/winavr/bin/../lib/gcc/avr/4.3.3/avr5\libgcc.a
LOAD d:/cources/embededcources/enmbededd imt/new folder/00-tools/03-imt sdk/03- imt sdk/imt_sdk_win_64/winavr/bin/../lib/gcc/avr/4.3.3/../../../../avr/lib/avr5\libc.a
LOAD d:/cources/embededcources/enmbededd imt/new folder/00-tools/03-imt sdk/03- imt sdk/imt_sdk_win_64/winavr/bin/../lib/gcc/avr/4.3.3/avr5\libgcc.a

.hash
 *(.hash)

.dynsym
 *(.dynsym)

.dynstr
 *(.dynstr)

.gnu.version
 *(.gnu.version)

.gnu.version_d
 *(.gnu.version_d)

.gnu.version_r
 *(.gnu.version_r)

.rel.init
 *(.rel.init)

.rela.init
 *(.rela.init)

.rel.text
 *(.rel.text)
 *(.rel.text.*)
 *(.rel.gnu.linkonce.t*)

.rela.text
 *(.rela.text)
 *(.rela.text.*)
 *(.rela.gnu.linkonce.t*)

.rel.fini
 *(.rel.fini)

.rela.fini
 *(.rela.fini)

.rel.rodata
 *(.rel.rodata)
 *(.rel.rodata.*)
 *(.rel.gnu.linkonce.r*)

.rela.rodata
 *(.rela.rodata)
 *(.rela.rodata.*)
 *(.rela.gnu.linkonce.r*)

.rel.data
 *(.rel.data)
 *(.rel.data.*)
 *(.rel.gnu.linkonce.d*)

.rela.data
 *(.rela.data)
 *(.rela.data.*)
 *(.rela.gnu.linkonce.d*)

.rel.ctors
 *(.rel.ctors)

.rela.ctors
 *(.rela.ctors)

.rel.dtors
 *(.rel.dtors)

.rela.dtors
 *(.rela.dtors)

.rel.got
 *(.rel.got)

.rela.got
 *(.rela.got)

.rel.bss
 *(.rel.bss)

.rela.bss
 *(.rela.bss)

.rel.plt
 *(.rel.plt)

.rela.plt
 *(.rela.plt)

.text           0x00000000     0x3946
 *(.vectors)
 .vectors       0x00000000       0x54 d:/cources/embededcources/enmbededd imt/new folder/00-tools/03-imt sdk/03- imt sdk/imt_sdk_win_64/winavr/bin/../lib/gcc/avr/4.3.3/../../../../avr/lib/avr5/crtm32.o
                0x00000000                __vectors
                0x00000000                __vector_default
 *(.vectors)
 *(.progmem.gcc*)
 *(.progmem*)
 .progmem.data  0x00000054        0xc d:/cources/embededcources/enmbededd imt/new folder/00-tools/03-imt sdk/03- imt sdk/imt_sdk_win_64/winavr/bin/../lib/gcc/avr/4.3.3/../../../../avr/lib/avr5\libc.a(vfscanf_std.o)
                0x00000060                . = ALIGN (0x2)
                0x00000060                __trampolines_start = .
 *(.trampolines)
 .trampolines   0x00000060        0x0 linker stubs
 *(.trampolines*)
                0x00000060                __trampolines_end = .
 *(.jumptables)
 *(.jumptables*)
 *(.lowtext)
 *(.lowtext*)
                0x00000060                __ctors_start = .
 *(.ctors)
                0x00000060                __ctors_end = .
                0x00000060                __dtors_start = .
 *(.dtors)
                0x00000060                __dtors_end = .
 SORT(*)(.ctors)
 SORT(*)(.dtors)
 *(.init0)
 .init0         0x00000060        0x0 d:/cources/embededcources/enmbededd imt/new folder/00-tools/03-imt sdk/03- imt sdk/imt_sdk_win_64/winavr/bin/../lib/gcc/avr/4.3.3/../../../../avr/lib/avr5/crtm32.o
                0x00000060                __init
 *(.init0)
 *(.init1)
 *(.init1)
 *(.init2)
 .init2         0x00000060        0xc d:/cources/embededcources/enmbededd imt/new folder/00-tools/03-imt sdk/03- imt sdk/imt_sdk_win_64/winavr/bin/../lib/gcc/avr/4.3.3/../../../../avr/lib/avr5/crtm32.o
 *(.init2)
 *(.init3)
 *(.init3)
 *(.init4)
 .init4         0x0000006c       0x16 d:/cources/embededcources/enmbededd imt/new folder/00-tools/03-imt sdk/03- imt sdk/imt_sdk_win_64/winavr/bin/../lib/gcc/avr/4.3.3/avr5\libgcc.a(_copy_data.o)
                0x0000006c                __do_copy_data
 .init4         0x00000082       0x10 d:/cources/embededcources/enmbededd imt/new folder/00-tools/03-imt sdk/03- imt sdk/imt_sdk_win_64/winavr/bin/../lib/gcc/avr/4.3.3/avr5\libgcc.a(_clear_bss.o)
                0x00000082                __do_clear_bss
 *(.init4)
 *(.init5)
 *(.init5)
 *(.init6)
 *(.init6)
 *(.init7)
 *(.init7)
 *(.init8)
 *(.init8)
 *(.init9)
 .init9         0x00000092        0x8 d:/cources/embededcources/enmbededd imt/new folder/00-tools/03-imt sdk/03- imt sdk/imt_sdk_win_64/winavr/bin/../lib/gcc/avr/4.3.3/../../../../avr/lib/avr5/crtm32.o
 *(.init9)
 *(.text)
 .text          0x0000009a        0x4 d:/cources/embededcources/enmbededd imt/new folder/00-tools/03-imt sdk/03- imt sdk/imt_sdk_win_64/winavr/bin/../lib/gcc/avr/4.3.3/../../../../avr/lib/avr5/crtm32.o
                0x0000009a                __vector_12
                0x0000009a                __bad_interrupt
                0x0000009a                __vector_3
                0x0000009a                __vector_17
                0x0000009a                __vector_19
                0x0000009a                __vector_2
                0x0000009a                __vector_18
                0x0000009a                __vector_20
 .text          0x0000009e        0x0 ./MCAL/UART_Driver/UART_Program.o
 .text          0x0000009e        0x0 ./MCAL/Timer_Driver/Timer_Program.o
 .text          0x0000009e        0x0 ./MCAL/PORT_Driver/PORT_Program.o
 .text          0x0000009e        0x0 ./MCAL/GIE_Driver/GIE_Program.o
 .text          0x0000009e        0x0 ./MCAL/External_Interrupt_Driver/External_Interrupt_Program.o
 .text          0x0000009e        0x0 ./MCAL/DIO_Driver/DIO_Program.o
 .text          0x0000009e        0x0 ./MCAL/ADC_Driver/ADC_Program.o
 .text          0x0000009e        0x0 ./HAL/ServoMotor_Handler/ServoMotor_Program.o
 .text          0x0000009e        0x0 ./HAL/LM35_Module/LM35_Program.o
 .text          0x0000009e        0x0 ./HAL/LED_Module/LED1_Program.o
 .text          0x0000009e        0x0 ./HAL/LCD_Module/LCD_Program.o
 .text          0x0000009e        0x0 ./HAL/Keypad_Module/Keypad_Program.o
 .text          0x0000009e        0x0 ./HAL/DC_MOTOR/DC_MOTOR_Program.o
 .text          0x0000009e        0x0 ./APP/main.o
 .text          0x0000009e        0x0 d:/cources/embededcources/enmbededd imt/new folder/00-tools/03-imt sdk/03- imt sdk/imt_sdk_win_64/winavr/bin/../lib/gcc/avr/4.3.3/avr5\libgcc.a(_udivmodhi4.o)
 .text          0x0000009e        0x0 d:/cources/embededcources/enmbededd imt/new folder/00-tools/03-imt sdk/03- imt sdk/imt_sdk_win_64/winavr/bin/../lib/gcc/avr/4.3.3/avr5\libgcc.a(_divmodhi4.o)
 .text          0x0000009e        0x0 d:/cources/embededcources/enmbededd imt/new folder/00-tools/03-imt sdk/03- imt sdk/imt_sdk_win_64/winavr/bin/../lib/gcc/avr/4.3.3/avr5\libgcc.a(_exit.o)
 .text          0x0000009e        0x0 d:/cources/embededcources/enmbededd imt/new folder/00-tools/03-imt sdk/03- imt sdk/imt_sdk_win_64/winavr/bin/../lib/gcc/avr/4.3.3/avr5\libgcc.a(_copy_data.o)
 .text          0x0000009e        0x0 d:/cources/embededcources/enmbededd imt/new folder/00-tools/03-imt sdk/03- imt sdk/imt_sdk_win_64/winavr/bin/../lib/gcc/avr/4.3.3/avr5\libgcc.a(_clear_bss.o)
 .text          0x0000009e       0x58 d:/cources/embededcources/enmbededd imt/new folder/00-tools/03-imt sdk/03- imt sdk/imt_sdk_win_64/winavr/bin/../lib/gcc/avr/4.3.3/avr5\libgcc.a(_fixunssfsi.o)
                0x0000009e                __fixunssfsi
 .text          0x000000f6      0x354 d:/cources/embededcources/enmbededd imt/new folder/00-tools/03-imt sdk/03- imt sdk/imt_sdk_win_64/winavr/bin/../lib/gcc/avr/4.3.3/avr5\libgcc.a(_addsub_sf.o)
                0x0000038e                __subsf3
                0x000003f0                __addsf3
 .text          0x0000044a      0x1f4 d:/cources/embededcources/enmbededd imt/new folder/00-tools/03-imt sdk/03- imt sdk/imt_sdk_win_64/winavr/bin/../lib/gcc/avr/4.3.3/avr5\libgcc.a(_mul_sf.o)
                0x0000044a                __mulsf3
 .text          0x0000063e      0x158 d:/cources/embededcources/enmbededd imt/new folder/00-tools/03-imt sdk/03- imt sdk/imt_sdk_win_64/winavr/bin/../lib/gcc/avr/4.3.3/avr5\libgcc.a(_div_sf.o)
                0x0000063e                __divsf3
 .text          0x00000796       0x60 d:/cources/embededcources/enmbededd imt/new folder/00-tools/03-imt sdk/03- imt sdk/imt_sdk_win_64/winavr/bin/../lib/gcc/avr/4.3.3/avr5\libgcc.a(_ge_sf.o)
                0x00000796                __gesf2
 .text          0x000007f6       0x60 d:/cources/embededcources/enmbededd imt/new folder/00-tools/03-imt sdk/03- imt sdk/imt_sdk_win_64/winavr/bin/../lib/gcc/avr/4.3.3/avr5\libgcc.a(_lt_sf.o)
                0x000007f6                __ltsf2
 .text          0x00000856       0xa8 d:/cources/embededcources/enmbededd imt/new folder/00-tools/03-imt sdk/03- imt sdk/imt_sdk_win_64/winavr/bin/../lib/gcc/avr/4.3.3/avr5\libgcc.a(_sf_to_si.o)
                0x00000856                __fixsfsi
 .text          0x000008fe        0x0 d:/cources/embededcources/enmbededd imt/new folder/00-tools/03-imt sdk/03- imt sdk/imt_sdk_win_64/winavr/bin/../lib/gcc/avr/4.3.3/avr5\libgcc.a(_thenan_sf.o)
 .text          0x000008fe       0xf2 d:/cources/embededcources/enmbededd imt/new folder/00-tools/03-imt sdk/03- imt sdk/imt_sdk_win_64/winavr/bin/../lib/gcc/avr/4.3.3/avr5\libgcc.a(_usi_to_sf.o)
                0x000008fe                __floatunsisf
 .text          0x000009f0        0x0 d:/cources/embededcources/enmbededd imt/new folder/00-tools/03-imt sdk/03- imt sdk/imt_sdk_win_64/winavr/bin/../lib/gcc/avr/4.3.3/avr5\libgcc.a(_prologue.o)
 .text          0x000009f0        0x0 d:/cources/embededcources/enmbededd imt/new folder/00-tools/03-imt sdk/03- imt sdk/imt_sdk_win_64/winavr/bin/../lib/gcc/avr/4.3.3/avr5\libgcc.a(_epilogue.o)
 .text          0x000009f0       0x9e d:/cources/embededcources/enmbededd imt/new folder/00-tools/03-imt sdk/03- imt sdk/imt_sdk_win_64/winavr/bin/../lib/gcc/avr/4.3.3/avr5\libgcc.a(_clzsi2.o)
                0x000009f0                __clzsi2
 .text          0x00000a8e      0x1aa d:/cources/embededcources/enmbededd imt/new folder/00-tools/03-imt sdk/03- imt sdk/imt_sdk_win_64/winavr/bin/../lib/gcc/avr/4.3.3/avr5\libgcc.a(_pack_sf.o)
                0x00000a8e                __pack_f
 .text          0x00000c38       0xf0 d:/cources/embededcources/enmbededd imt/new folder/00-tools/03-imt sdk/03- imt sdk/imt_sdk_win_64/winavr/bin/../lib/gcc/avr/4.3.3/avr5\libgcc.a(_unpack_sf.o)
                0x00000c38                __unpack_f
 .text          0x00000d28       0xb2 d:/cources/embededcources/enmbededd imt/new folder/00-tools/03-imt sdk/03- imt sdk/imt_sdk_win_64/winavr/bin/../lib/gcc/avr/4.3.3/avr5\libgcc.a(_fpcmp_parts_sf.o)
                0x00000d28                __fpcmp_parts_f
 .text          0x00000dda        0x0 d:/cources/embededcources/enmbededd imt/new folder/00-tools/03-imt sdk/03- imt sdk/imt_sdk_win_64/winavr/bin/../lib/gcc/avr/4.3.3/avr5\libgcc.a(_clz.o)
 .text          0x00000dda        0x0 d:/cources/embededcources/enmbededd imt/new folder/00-tools/03-imt sdk/03- imt sdk/imt_sdk_win_64/winavr/bin/../lib/gcc/avr/4.3.3/../../../../avr/lib/avr5\libc.a(malloc.o)
 .text          0x00000dda        0x0 d:/cources/embededcources/enmbededd imt/new folder/00-tools/03-imt sdk/03- imt sdk/imt_sdk_win_64/winavr/bin/../lib/gcc/avr/4.3.3/../../../../avr/lib/avr5\libc.a(strcpy.o)
 .text          0x00000dda        0x0 d:/cources/embededcources/enmbededd imt/new folder/00-tools/03-imt sdk/03- imt sdk/imt_sdk_win_64/winavr/bin/../lib/gcc/avr/4.3.3/../../../../avr/lib/avr5\libc.a(gets.o)
 .text          0x00000dda        0x0 d:/cources/embededcources/enmbededd imt/new folder/00-tools/03-imt sdk/03- imt sdk/imt_sdk_win_64/winavr/bin/../lib/gcc/avr/4.3.3/../../../../avr/lib/avr5\libc.a(iob.o)
 .text          0x00000dda        0x0 d:/cources/embededcources/enmbededd imt/new folder/00-tools/03-imt sdk/03- imt sdk/imt_sdk_win_64/winavr/bin/../lib/gcc/avr/4.3.3/../../../../avr/lib/avr5\libc.a(printf.o)
 .text          0x00000dda        0x0 d:/cources/embededcources/enmbededd imt/new folder/00-tools/03-imt sdk/03- imt sdk/imt_sdk_win_64/winavr/bin/../lib/gcc/avr/4.3.3/../../../../avr/lib/avr5\libc.a(puts.o)
 .text          0x00000dda        0x0 d:/cources/embededcources/enmbededd imt/new folder/00-tools/03-imt sdk/03- imt sdk/imt_sdk_win_64/winavr/bin/../lib/gcc/avr/4.3.3/../../../../avr/lib/avr5\libc.a(scanf.o)
 .text          0x00000dda        0x0 d:/cources/embededcources/enmbededd imt/new folder/00-tools/03-imt sdk/03- imt sdk/imt_sdk_win_64/winavr/bin/../lib/gcc/avr/4.3.3/../../../../avr/lib/avr5\libc.a(vfprintf_std.o)
 .text          0x00000dda        0x0 d:/cources/embededcources/enmbededd imt/new folder/00-tools/03-imt sdk/03- imt sdk/imt_sdk_win_64/winavr/bin/../lib/gcc/avr/4.3.3/../../../../avr/lib/avr5\libc.a(vfscanf_std.o)
 .text          0x00000dda        0x0 d:/cources/embededcources/enmbededd imt/new folder/00-tools/03-imt sdk/03- imt sdk/imt_sdk_win_64/winavr/bin/../lib/gcc/avr/4.3.3/../../../../avr/lib/avr5\libc.a(isspace.o)
 .text          0x00000dda        0x0 d:/cources/embededcources/enmbededd imt/new folder/00-tools/03-imt sdk/03- imt sdk/imt_sdk_win_64/winavr/bin/../lib/gcc/avr/4.3.3/../../../../avr/lib/avr5\libc.a(strchr_P.o)
 .text          0x00000dda        0x0 d:/cources/embededcources/enmbededd imt/new folder/00-tools/03-imt sdk/03- imt sdk/imt_sdk_win_64/winavr/bin/../lib/gcc/avr/4.3.3/../../../../avr/lib/avr5\libc.a(strnlen_P.o)
 .text          0x00000dda        0x0 d:/cources/embededcources/enmbededd imt/new folder/00-tools/03-imt sdk/03- imt sdk/imt_sdk_win_64/winavr/bin/../lib/gcc/avr/4.3.3/../../../../avr/lib/avr5\libc.a(strnlen.o)
 .text          0x00000dda        0x0 d:/cources/embededcources/enmbededd imt/new folder/00-tools/03-imt sdk/03- imt sdk/imt_sdk_win_64/winavr/bin/../lib/gcc/avr/4.3.3/../../../../avr/lib/avr5\libc.a(fgetc.o)
 .text          0x00000dda        0x0 d:/cources/embededcources/enmbededd imt/new folder/00-tools/03-imt sdk/03- imt sdk/imt_sdk_win_64/winavr/bin/../lib/gcc/avr/4.3.3/../../../../avr/lib/avr5\libc.a(fputc.o)
 .text          0x00000dda        0x0 d:/cources/embededcources/enmbededd imt/new folder/00-tools/03-imt sdk/03- imt sdk/imt_sdk_win_64/winavr/bin/../lib/gcc/avr/4.3.3/../../../../avr/lib/avr5\libc.a(ungetc.o)
 .text          0x00000dda        0x0 d:/cources/embededcources/enmbededd imt/new folder/00-tools/03-imt sdk/03- imt sdk/imt_sdk_win_64/winavr/bin/../lib/gcc/avr/4.3.3/../../../../avr/lib/avr5\libc.a(ultoa_invert.o)
 .text          0x00000dda        0x0 d:/cources/embededcources/enmbededd imt/new folder/00-tools/03-imt sdk/03- imt sdk/imt_sdk_win_64/winavr/bin/../lib/gcc/avr/4.3.3/../../../../avr/lib/avr5\libc.a(cty_isfalse.o)
                0x00000dda                . = ALIGN (0x2)
 *(.text.*)
 .text.UART_VoidInit
                0x00000dda       0x3c ./MCAL/UART_Driver/UART_Program.o
                0x00000dda                UART_VoidInit
 .text.UART_u8FrameErrorDetection
                0x00000e16        0x8 ./MCAL/UART_Driver/UART_Program.o
                0x00000e16                UART_u8FrameErrorDetection
 .text.UART_ReceiveString
                0x00000e1e       0x2e ./MCAL/UART_Driver/UART_Program.o
                0x00000e1e                UART_ReceiveString
 .text.UART_u8DataOverRunDetection
                0x00000e4c        0xc ./MCAL/UART_Driver/UART_Program.o
                0x00000e4c                UART_u8DataOverRunDetection
 .text.UART_u8ParityErrorDetection
                0x00000e58        0xa ./MCAL/UART_Driver/UART_Program.o
                0x00000e58                UART_u8ParityErrorDetection
 .text.UART_u8SetBaudRate
                0x00000e62       0x2c ./MCAL/UART_Driver/UART_Program.o
                0x00000e62                UART_u8SetBaudRate
 .text.UART_VoidTXSendData
                0x00000e8e        0x8 ./MCAL/UART_Driver/UART_Program.o
                0x00000e8e                UART_VoidTXSendData
 .text.UART_u8RXRecieveData
                0x00000e96        0x8 ./MCAL/UART_Driver/UART_Program.o
                0x00000e96                UART_u8RXRecieveData
 .text.UART_VoidSendNumber
                0x00000e9e       0xae ./MCAL/UART_Driver/UART_Program.o
                0x00000e9e                UART_VoidSendNumber
 .text.UART_VoidTxSendFloatNumber
                0x00000f4c       0x62 ./MCAL/UART_Driver/UART_Program.o
                0x00000f4c                UART_VoidTxSendFloatNumber
 .text.SendAddressUART_Callback
                0x00000fae       0x22 ./MCAL/UART_Driver/UART_Program.o
                0x00000fae                SendAddressUART_Callback
 .text.__vector_13
                0x00000fd0       0x4e ./MCAL/UART_Driver/UART_Program.o
                0x00000fd0                __vector_13
 .text.__vector_14
                0x0000101e       0x4e ./MCAL/UART_Driver/UART_Program.o
                0x0000101e                __vector_14
 .text.__vector_15
                0x0000106c       0x4e ./MCAL/UART_Driver/UART_Program.o
                0x0000106c                __vector_15
 .text.CountParameters
                0x000010ba       0x34 ./MCAL/UART_Driver/UART_Program.o
                0x000010ba                CountParameters
 .text.log_print
                0x000010ee      0x1c2 ./MCAL/UART_Driver/UART_Program.o
                0x000010ee                log_print
 .text.TMR0_VoidInit_Prebuild
                0x000012b0       0x2c ./MCAL/Timer_Driver/Timer_Program.o
                0x000012b0                TMR0_VoidInit_Prebuild
 .text.TMR0_VoidClkSelection
                0x000012dc        0xe ./MCAL/Timer_Driver/Timer_Program.o
                0x000012dc                TMR0_VoidClkSelection
 .text.TMR0_VoidStartTimer
                0x000012ea        0xa ./MCAL/Timer_Driver/Timer_Program.o
                0x000012ea                TMR0_VoidStartTimer
 .text.TMR0_VoidStopTimer
                0x000012f4        0x8 ./MCAL/Timer_Driver/Timer_Program.o
                0x000012f4                TMR0_VoidStopTimer
 .text.TMR0_VoidSetPreLoadValue
                0x000012fc        0x4 ./MCAL/Timer_Driver/Timer_Program.o
                0x000012fc                TMR0_VoidSetPreLoadValue
 .text.TMR0_VoidSetCTCValue
                0x00001300        0x4 ./MCAL/Timer_Driver/Timer_Program.o
                0x00001300                TMR0_VoidSetCTCValue
 .text.TMR0_VoidEnableINT_OVF
                0x00001304        0x8 ./MCAL/Timer_Driver/Timer_Program.o
                0x00001304                TMR0_VoidEnableINT_OVF
 .text.TMR0_VoidDisableINT_OVF
                0x0000130c        0x8 ./MCAL/Timer_Driver/Timer_Program.o
                0x0000130c                TMR0_VoidDisableINT_OVF
 .text.TMR0_VoidEnableINT_CTC
                0x00001314        0x8 ./MCAL/Timer_Driver/Timer_Program.o
                0x00001314                TMR0_VoidEnableINT_CTC
 .text.TMR0_VoidDisableINT_CTC
                0x0000131c        0x8 ./MCAL/Timer_Driver/Timer_Program.o
                0x0000131c                TMR0_VoidDisableINT_CTC
 .text.TMR0_VoidResetTimer
                0x00001324        0x4 ./MCAL/Timer_Driver/Timer_Program.o
                0x00001324                TMR0_VoidResetTimer
 .text.TMR1_VoidInit_Prebuild
                0x00001328       0x5c ./MCAL/Timer_Driver/Timer_Program.o
                0x00001328                TMR1_VoidInit_Prebuild
 .text.TMR1_VoidSetInputCaptureEdge
                0x00001384       0x18 ./MCAL/Timer_Driver/Timer_Program.o
                0x00001384                TMR1_VoidSetInputCaptureEdge
 .text.TMR1_VoidReadInputCapture
                0x0000139c        0x8 ./MCAL/Timer_Driver/Timer_Program.o
                0x0000139c                TMR1_VoidReadInputCapture
 .text.TMR1_VoidClkSelection
                0x000013a4        0xe ./MCAL/Timer_Driver/Timer_Program.o
                0x000013a4                TMR1_VoidClkSelection
 .text.TMR1_VoidResetTimer
                0x000013b2        0x6 ./MCAL/Timer_Driver/Timer_Program.o
                0x000013b2                TMR1_VoidResetTimer
 .text.TMR1_VoidSetCompareMathChannelA
                0x000013b8        0x6 ./MCAL/Timer_Driver/Timer_Program.o
                0x000013b8                TMR1_VoidSetCompareMathChannelA
 .text.TMR1_VoidSetCompareMathChannelB
                0x000013be        0x6 ./MCAL/Timer_Driver/Timer_Program.o
                0x000013be                TMR1_VoidSetCompareMathChannelB
 .text.TMR1_VoidSetTopVal
                0x000013c4        0x6 ./MCAL/Timer_Driver/Timer_Program.o
                0x000013c4                TMR1_VoidSetTopVal
 .text.TMR1_VoidEnableINT_OVF
                0x000013ca        0x8 ./MCAL/Timer_Driver/Timer_Program.o
                0x000013ca                TMR1_VoidEnableINT_OVF
 .text.TMR1_VoidDisableINT_OVF
                0x000013d2        0x8 ./MCAL/Timer_Driver/Timer_Program.o
                0x000013d2                TMR1_VoidDisableINT_OVF
 .text.TMR1_VoidEnableINT_CTC_ChannelA
                0x000013da        0x8 ./MCAL/Timer_Driver/Timer_Program.o
                0x000013da                TMR1_VoidEnableINT_CTC_ChannelA
 .text.TMR1_VoidDisableINT_CTC_ChannelA
                0x000013e2        0x8 ./MCAL/Timer_Driver/Timer_Program.o
                0x000013e2                TMR1_VoidDisableINT_CTC_ChannelA
 .text.TMR1_VoidEnableINT_CTC_ChannelB
                0x000013ea        0x8 ./MCAL/Timer_Driver/Timer_Program.o
                0x000013ea                TMR1_VoidEnableINT_CTC_ChannelB
 .text.TMR1_VoidDisableINT_CTC_ChannelB
                0x000013f2        0x8 ./MCAL/Timer_Driver/Timer_Program.o
                0x000013f2                TMR1_VoidDisableINT_CTC_ChannelB
 .text.TMR1_VoidEnableINT_CaptureMode
                0x000013fa        0x8 ./MCAL/Timer_Driver/Timer_Program.o
                0x000013fa                TMR1_VoidEnableINT_CaptureMode
 .text.TMR1_VoidDisableINT_CaptureMode
                0x00001402        0x8 ./MCAL/Timer_Driver/Timer_Program.o
                0x00001402                TMR1_VoidDisableINT_CaptureMode
 .text.TMR1_VoidSetTimerVal
                0x0000140a        0x6 ./MCAL/Timer_Driver/Timer_Program.o
                0x0000140a                TMR1_VoidSetTimerVal
 .text.TMR1_VoidGetTimerVal
                0x00001410        0x8 ./MCAL/Timer_Driver/Timer_Program.o
                0x00001410                TMR1_VoidGetTimerVal
 .text.SendAddressTimer_Callback
                0x00001418       0x22 ./MCAL/Timer_Driver/Timer_Program.o
                0x00001418                SendAddressTimer_Callback
 .text.__vector_11
                0x0000143a       0x4e ./MCAL/Timer_Driver/Timer_Program.o
                0x0000143a                __vector_11
 .text.__vector_10
                0x00001488       0x4e ./MCAL/Timer_Driver/Timer_Program.o
                0x00001488                __vector_10
 .text.__vector_9
                0x000014d6       0x4e ./MCAL/Timer_Driver/Timer_Program.o
                0x000014d6                __vector_9
 .text.__vector_8
                0x00001524       0x4e ./MCAL/Timer_Driver/Timer_Program.o
                0x00001524                __vector_8
 .text.__vector_7
                0x00001572       0x4e ./MCAL/Timer_Driver/Timer_Program.o
                0x00001572                __vector_7
 .text.__vector_6
                0x000015c0       0x4e ./MCAL/Timer_Driver/Timer_Program.o
                0x000015c0                __vector_6
 .text.__vector_5
                0x0000160e       0x4e ./MCAL/Timer_Driver/Timer_Program.o
                0x0000160e                __vector_5
 .text.__vector_4
                0x0000165c       0x4e ./MCAL/Timer_Driver/Timer_Program.o
                0x0000165c                __vector_4
 .text.PORT_VoidInit
                0x000016aa       0x18 ./MCAL/PORT_Driver/PORT_Program.o
                0x000016aa                PORT_VoidInit
 .text.EXTI_VidEnableOrDisableGIE
                0x000016c2       0x18 ./MCAL/GIE_Driver/GIE_Program.o
                0x000016c2                EXTI_VidEnableOrDisableGIE
 .text.EXTI_u8EnableOrDisableInterruptPin_Postbuild
                0x000016da       0x58 ./MCAL/External_Interrupt_Driver/External_Interrupt_Program.o
                0x000016da                EXTI_u8EnableOrDisableInterruptPin_Postbuild
 .text.EXTI_voidEnableOrDisableInterruptPin_Prebuild
                0x00001732       0x14 ./MCAL/External_Interrupt_Driver/External_Interrupt_Program.o
                0x00001732                EXTI_voidEnableOrDisableInterruptPin_Prebuild
 .text.EXTI_u8ControlSense_Postbuild
                0x00001746       0x7e ./MCAL/External_Interrupt_Driver/External_Interrupt_Program.o
                0x00001746                EXTI_u8ControlSense_Postbuild
 .text.EXTI_VidControlSense_Prebuild
                0x000017c4       0x10 ./MCAL/External_Interrupt_Driver/External_Interrupt_Program.o
                0x000017c4                EXTI_VidControlSense_Prebuild
 .text.SendAddress_Callback
                0x000017d4       0x1e ./MCAL/External_Interrupt_Driver/External_Interrupt_Program.o
                0x000017d4                SendAddress_Callback
 .text.__vector_1
                0x000017f2       0x4e ./MCAL/External_Interrupt_Driver/External_Interrupt_Program.o
                0x000017f2                __vector_1
 .text.DIO_U8SetPortDir
                0x00001840       0x2e ./MCAL/DIO_Driver/DIO_Program.o
                0x00001840                DIO_U8SetPortDir
 .text.DIO_U8SetPortVal
                0x0000186e       0x2e ./MCAL/DIO_Driver/DIO_Program.o
                0x0000186e                DIO_U8SetPortVal
 .text.DIO_U8GetPortVal
                0x0000189c       0x34 ./MCAL/DIO_Driver/DIO_Program.o
                0x0000189c                DIO_U8GetPortVal
 .text.DIO_U8SetPinDir
                0x000018d0       0xf0 ./MCAL/DIO_Driver/DIO_Program.o
                0x000018d0                DIO_U8SetPinDir
 .text.DIO_U8SetPinVal
                0x000019c0       0xf0 ./MCAL/DIO_Driver/DIO_Program.o
                0x000019c0                DIO_U8SetPinVal
 .text.DIO_U8GetPinVal
                0x00001ab0       0x36 ./MCAL/DIO_Driver/DIO_Program.o
                0x00001ab0                DIO_U8GetPinVal
 .text.ADC_VoidInit_PreBuild
                0x00001ae6        0xa ./MCAL/ADC_Driver/ADC_Program.o
                0x00001ae6                ADC_VoidInit_PreBuild
 .text.ADC_u8AdjustmentSelect_Postbuild
                0x00001af0       0x18 ./MCAL/ADC_Driver/ADC_Program.o
                0x00001af0                ADC_u8AdjustmentSelect_Postbuild
 .text.ADC_VoidVrefSelect_Postbuild
                0x00001b08        0xa ./MCAL/ADC_Driver/ADC_Program.o
                0x00001b08                ADC_VoidVrefSelect_Postbuild
 .text.ADC_VoidPrescalerSelect_Postbuild
                0x00001b12        0xa ./MCAL/ADC_Driver/ADC_Program.o
                0x00001b12                ADC_VoidPrescalerSelect_Postbuild
 .text.ADC_u8ONO_OFFStateSelect_Postbuild
                0x00001b1c       0x18 ./MCAL/ADC_Driver/ADC_Program.o
                0x00001b1c                ADC_u8ONO_OFFStateSelect_Postbuild
 .text.ADC_u8AutoTriggerEnable_Postbuild
                0x00001b34       0x20 ./MCAL/ADC_Driver/ADC_Program.o
                0x00001b34                ADC_u8AutoTriggerEnable_Postbuild
 .text.ADC_u8GetDigitalValChannel
                0x00001b54       0x6e ./MCAL/ADC_Driver/ADC_Program.o
                0x00001b54                ADC_u8GetDigitalValChannel
 .text.ADC_u8GetDigitalValChannelAsynchronus
                0x00001bc2       0x42 ./MCAL/ADC_Driver/ADC_Program.o
                0x00001bc2                ADC_u8GetDigitalValChannelAsynchronus
 .text.__vector_16
                0x00001c04       0x8e ./MCAL/ADC_Driver/ADC_Program.o
                0x00001c04                __vector_16
 .text.ServoMotor_u16SetAngle
                0x00001c92       0x38 ./HAL/ServoMotor_Handler/ServoMotor_Program.o
                0x00001c92                ServoMotor_u16SetAngle
 .text.ServoMotor_VoidInit
                0x00001cca        0x6 ./HAL/ServoMotor_Handler/ServoMotor_Program.o
                0x00001cca                ServoMotor_VoidInit
 .text.LM35_u16GetTempretureWithUnit
                0x00001cd0       0x66 ./HAL/LM35_Module/LM35_Program.o
                0x00001cd0                LM35_u16GetTempretureWithUnit
 .text.LM35_VoidInit
                0x00001d36        0x6 ./HAL/LM35_Module/LM35_Program.o
                0x00001d36                LM35_VoidInit
 .text.LED_U8ON_OFF
                0x00001d3c      0x118 ./HAL/LED_Module/LED1_Program.o
                0x00001d3c                LED_U8ON_OFF
 .text.LCD_VoidSendData
                0x00001e54       0x40 ./HAL/LCD_Module/LCD_Program.o
                0x00001e54                LCD_VoidSendData
 .text.LCD_VoidSendString
                0x00001e94       0x26 ./HAL/LCD_Module/LCD_Program.o
                0x00001e94                LCD_VoidSendString
 .text.LCD_VoidSendNumber
                0x00001eba       0x9e ./HAL/LCD_Module/LCD_Program.o
                0x00001eba                LCD_VoidSendNumber
 .text.LCD_VoidSendCommand
                0x00001f58       0x40 ./HAL/LCD_Module/LCD_Program.o
                0x00001f58                LCD_VoidSendCommand
 .text.LCD_VoidDisplayOFF
                0x00001f98        0x8 ./HAL/LCD_Module/LCD_Program.o
                0x00001f98                LCD_VoidDisplayOFF
 .text.LCD_VoidDisplayON
                0x00001fa0        0x8 ./HAL/LCD_Module/LCD_Program.o
                0x00001fa0                LCD_VoidDisplayON
 .text.LCD_VoidBlinkingCursorON
                0x00001fa8        0x8 ./HAL/LCD_Module/LCD_Program.o
                0x00001fa8                LCD_VoidBlinkingCursorON
 .text.LCD_VoidCursorOFF
                0x00001fb0        0x8 ./HAL/LCD_Module/LCD_Program.o
                0x00001fb0                LCD_VoidCursorOFF
 .text.LCD_VoidCursorON
                0x00001fb8        0x8 ./HAL/LCD_Module/LCD_Program.o
                0x00001fb8                LCD_VoidCursorON
 .text.LCD_VoidClearDisplay
                0x00001fc0        0xc ./HAL/LCD_Module/LCD_Program.o
                0x00001fc0                LCD_VoidClearDisplay
 .text.LCD_VoidGoToPos
                0x00001fcc       0x24 ./HAL/LCD_Module/LCD_Program.o
                0x00001fcc                LCD_VoidGoToPos
 .text.LCD_VoidShiftRight
                0x00001ff0       0x3a ./HAL/LCD_Module/LCD_Program.o
                0x00001ff0                LCD_VoidShiftRight
 .text.LCD_VoidShiftLeft
                0x0000202a       0x5a ./HAL/LCD_Module/LCD_Program.o
                0x0000202a                LCD_VoidShiftLeft
 .text.LCD_VoidCreateSpecialChar
                0x00002084       0x5a ./HAL/LCD_Module/LCD_Program.o
                0x00002084                LCD_VoidCreateSpecialChar
 .text.LCD_VoidInit
                0x000020de       0x22 ./HAL/LCD_Module/LCD_Program.o
                0x000020de                LCD_VoidInit
 .text.Keypad_u8GetPressedKey
                0x00002100       0xc8 ./HAL/Keypad_Module/Keypad_Program.o
                0x00002100                Keypad_u8GetPressedKey
 .text.DC_MOTOR_VidStop
                0x000021c8       0x16 ./HAL/DC_MOTOR/DC_MOTOR_Program.o
                0x000021c8                DC_MOTOR_VidStop
 .text.DC_MOTOR_VidRotateUntiClockWise
                0x000021de       0x16 ./HAL/DC_MOTOR/DC_MOTOR_Program.o
                0x000021de                DC_MOTOR_VidRotateUntiClockWise
 .text.DC_MOTOR_VidRotateClockWise
                0x000021f4       0x16 ./HAL/DC_MOTOR/DC_MOTOR_Program.o
                0x000021f4                DC_MOTOR_VidRotateClockWise
 .text.InsertUser
                0x0000220a       0x36 ./APP/main.o
                0x0000220a                InsertUser
 .text.PasswordIsCorrect_OR_Not
                0x00002240       0x7c ./APP/main.o
                0x00002240                PasswordIsCorrect_OR_Not
 .text.NameIsExist
                0x000022bc       0x92 ./APP/main.o
                0x000022bc                NameIsExist
 .text.EditingReservation
                0x0000234e       0xa4 ./APP/main.o
                0x0000234e                EditingReservation
 .text.DeleteUserAccount
                0x000023f2       0xf2 ./APP/main.o
                0x000023f2                DeleteUserAccount
 .text.CreatNewUser
                0x000024e4       0x4c ./APP/main.o
                0x000024e4                CreatNewUser
 .text.main     0x00002530      0x52e ./APP/main.o
                0x00002530                main
 .text.libgcc   0x00002a5e       0x28 d:/cources/embededcources/enmbededd imt/new folder/00-tools/03-imt sdk/03- imt sdk/imt_sdk_win_64/winavr/bin/../lib/gcc/avr/4.3.3/avr5\libgcc.a(_udivmodhi4.o)
                0x00002a5e                __udivmodhi4
 .text.libgcc   0x00002a86       0x26 d:/cources/embededcources/enmbededd imt/new folder/00-tools/03-imt sdk/03- imt sdk/imt_sdk_win_64/winavr/bin/../lib/gcc/avr/4.3.3/avr5\libgcc.a(_divmodhi4.o)
                0x00002a86                __divmodhi4
                0x00002a86                _div
 .text.libgcc   0x00002aac        0x0 d:/cources/embededcources/enmbededd imt/new folder/00-tools/03-imt sdk/03- imt sdk/imt_sdk_win_64/winavr/bin/../lib/gcc/avr/4.3.3/avr5\libgcc.a(_exit.o)
 .text.libgcc   0x00002aac        0x0 d:/cources/embededcources/enmbededd imt/new folder/00-tools/03-imt sdk/03- imt sdk/imt_sdk_win_64/winavr/bin/../lib/gcc/avr/4.3.3/avr5\libgcc.a(_copy_data.o)
 .text.libgcc   0x00002aac        0x0 d:/cources/embededcources/enmbededd imt/new folder/00-tools/03-imt sdk/03- imt sdk/imt_sdk_win_64/winavr/bin/../lib/gcc/avr/4.3.3/avr5\libgcc.a(_clear_bss.o)
 .text.libgcc   0x00002aac       0x38 d:/cources/embededcources/enmbededd imt/new folder/00-tools/03-imt sdk/03- imt sdk/imt_sdk_win_64/winavr/bin/../lib/gcc/avr/4.3.3/avr5\libgcc.a(_prologue.o)
                0x00002aac                __prologue_saves__
 .text.libgcc   0x00002ae4       0x36 d:/cources/embededcources/enmbededd imt/new folder/00-tools/03-imt sdk/03- imt sdk/imt_sdk_win_64/winavr/bin/../lib/gcc/avr/4.3.3/avr5\libgcc.a(_epilogue.o)
                0x00002ae4                __epilogue_restores__
 .text.avr-libc
                0x00002b1a      0x20a d:/cources/embededcources/enmbededd imt/new folder/00-tools/03-imt sdk/03- imt sdk/imt_sdk_win_64/winavr/bin/../lib/gcc/avr/4.3.3/../../../../avr/lib/avr5\libc.a(malloc.o)
                0x00002b1a                malloc
                0x00002c74                free
 .text.avr-libc
                0x00002d24        0xe d:/cources/embededcources/enmbededd imt/new folder/00-tools/03-imt sdk/03- imt sdk/imt_sdk_win_64/winavr/bin/../lib/gcc/avr/4.3.3/../../../../avr/lib/avr5\libc.a(strcpy.o)
                0x00002d24                strcpy
 .text.avr-libc
                0x00002d32       0x4a d:/cources/embededcources/enmbededd imt/new folder/00-tools/03-imt sdk/03- imt sdk/imt_sdk_win_64/winavr/bin/../lib/gcc/avr/4.3.3/../../../../avr/lib/avr5\libc.a(gets.o)
                0x00002d32                gets
 .text.avr-libc
                0x00002d7c       0x2a d:/cources/embededcources/enmbededd imt/new folder/00-tools/03-imt sdk/03- imt sdk/imt_sdk_win_64/winavr/bin/../lib/gcc/avr/4.3.3/../../../../avr/lib/avr5\libc.a(printf.o)
                0x00002d7c                printf
 .text.avr-libc
                0x00002da6       0x6a d:/cources/embededcources/enmbededd imt/new folder/00-tools/03-imt sdk/03- imt sdk/imt_sdk_win_64/winavr/bin/../lib/gcc/avr/4.3.3/../../../../avr/lib/avr5\libc.a(puts.o)
                0x00002da6                puts
 .text.avr-libc
                0x00002e10       0x2a d:/cources/embededcources/enmbededd imt/new folder/00-tools/03-imt sdk/03- imt sdk/imt_sdk_win_64/winavr/bin/../lib/gcc/avr/4.3.3/../../../../avr/lib/avr5\libc.a(scanf.o)
                0x00002e10                scanf
 .text.avr-libc
                0x00002e3a      0x3ba d:/cources/embededcources/enmbededd imt/new folder/00-tools/03-imt sdk/03- imt sdk/imt_sdk_win_64/winavr/bin/../lib/gcc/avr/4.3.3/../../../../avr/lib/avr5\libc.a(vfprintf_std.o)
                0x00002e3a                vfprintf
 .text.avr-libc
                0x000031f4      0x52a d:/cources/embededcources/enmbededd imt/new folder/00-tools/03-imt sdk/03- imt sdk/imt_sdk_win_64/winavr/bin/../lib/gcc/avr/4.3.3/../../../../avr/lib/avr5\libc.a(vfscanf_std.o)
                0x000034fc                vfscanf
 .text.avr-libc
                0x0000371e       0x10 d:/cources/embededcources/enmbededd imt/new folder/00-tools/03-imt sdk/03- imt sdk/imt_sdk_win_64/winavr/bin/../lib/gcc/avr/4.3.3/../../../../avr/lib/avr5\libc.a(isspace.o)
                0x0000371e                isspace
 .text.avr-libc
                0x0000372e       0x16 d:/cources/embededcources/enmbededd imt/new folder/00-tools/03-imt sdk/03- imt sdk/imt_sdk_win_64/winavr/bin/../lib/gcc/avr/4.3.3/../../../../avr/lib/avr5\libc.a(strchr_P.o)
                0x0000372e                strchr_P
 .text.avr-libc
                0x00003744       0x16 d:/cources/embededcources/enmbededd imt/new folder/00-tools/03-imt sdk/03- imt sdk/imt_sdk_win_64/winavr/bin/../lib/gcc/avr/4.3.3/../../../../avr/lib/avr5\libc.a(strnlen_P.o)
                0x00003744                strnlen_P
 .text.avr-libc
                0x0000375a       0x16 d:/cources/embededcources/enmbededd imt/new folder/00-tools/03-imt sdk/03- imt sdk/imt_sdk_win_64/winavr/bin/../lib/gcc/avr/4.3.3/../../../../avr/lib/avr5\libc.a(strnlen.o)
                0x0000375a                strnlen
 .text.avr-libc
                0x00003770       0x84 d:/cources/embededcources/enmbededd imt/new folder/00-tools/03-imt sdk/03- imt sdk/imt_sdk_win_64/winavr/bin/../lib/gcc/avr/4.3.3/../../../../avr/lib/avr5\libc.a(fgetc.o)
                0x00003770                fgetc
 .text.avr-libc
                0x000037f4       0x58 d:/cources/embededcources/enmbededd imt/new folder/00-tools/03-imt sdk/03- imt sdk/imt_sdk_win_64/winavr/bin/../lib/gcc/avr/4.3.3/../../../../avr/lib/avr5\libc.a(fputc.o)
                0x000037f4                fputc
 .text.avr-libc
                0x0000384c       0x34 d:/cources/embededcources/enmbededd imt/new folder/00-tools/03-imt sdk/03- imt sdk/imt_sdk_win_64/winavr/bin/../lib/gcc/avr/4.3.3/../../../../avr/lib/avr5\libc.a(ungetc.o)
                0x0000384c                ungetc
 .text.avr-libc
                0x00003880       0xbc d:/cources/embededcources/enmbededd imt/new folder/00-tools/03-imt sdk/03- imt sdk/imt_sdk_win_64/winavr/bin/../lib/gcc/avr/4.3.3/../../../../avr/lib/avr5\libc.a(ultoa_invert.o)
                0x00003880                __ultoa_invert
 .text.avr-libc
                0x0000393c        0x6 d:/cources/embededcources/enmbededd imt/new folder/00-tools/03-imt sdk/03- imt sdk/imt_sdk_win_64/winavr/bin/../lib/gcc/avr/4.3.3/../../../../avr/lib/avr5\libc.a(cty_isfalse.o)
                0x00003940                __ctype_istrue
                0x0000393c                __ctype_isfalse
                0x00003942                . = ALIGN (0x2)
 *(.fini9)
 .fini9         0x00003942        0x0 d:/cources/embededcources/enmbededd imt/new folder/00-tools/03-imt sdk/03- imt sdk/imt_sdk_win_64/winavr/bin/../lib/gcc/avr/4.3.3/avr5\libgcc.a(_exit.o)
                0x00003942                exit
                0x00003942                _exit
 *(.fini9)
 *(.fini8)
 *(.fini8)
 *(.fini7)
 *(.fini7)
 *(.fini6)
 *(.fini6)
 *(.fini5)
 *(.fini5)
 *(.fini4)
 *(.fini4)
 *(.fini3)
 *(.fini3)
 *(.fini2)
 *(.fini2)
 *(.fini1)
 *(.fini1)
 *(.fini0)
 .fini0         0x00003942        0x4 d:/cources/embededcources/enmbededd imt/new folder/00-tools/03-imt sdk/03- imt sdk/imt_sdk_win_64/winavr/bin/../lib/gcc/avr/4.3.3/avr5\libgcc.a(_exit.o)
 *(.fini0)
                0x00003946                _etext = .

.data           0x00800060      0x55a load address 0x00003946
                0x00800060                PROVIDE (__data_start, .)
 *(.data)
 .data          0x00800060        0x0 d:/cources/embededcources/enmbededd imt/new folder/00-tools/03-imt sdk/03- imt sdk/imt_sdk_win_64/winavr/bin/../lib/gcc/avr/4.3.3/../../../../avr/lib/avr5/crtm32.o
 .data          0x00800060        0x0 ./MCAL/UART_Driver/UART_Program.o
 .data          0x00800060        0x0 ./MCAL/Timer_Driver/Timer_Program.o
 .data          0x00800060        0x0 ./MCAL/PORT_Driver/PORT_Program.o
 .data          0x00800060        0x0 ./MCAL/GIE_Driver/GIE_Program.o
 .data          0x00800060        0x0 ./MCAL/External_Interrupt_Driver/External_Interrupt_Program.o
 .data          0x00800060        0x0 ./MCAL/DIO_Driver/DIO_Program.o
 .data          0x00800060        0x0 ./MCAL/ADC_Driver/ADC_Program.o
 .data          0x00800060        0x0 ./HAL/ServoMotor_Handler/ServoMotor_Program.o
 .data          0x00800060        0x0 ./HAL/LM35_Module/LM35_Program.o
 .data          0x00800060        0x0 ./HAL/LED_Module/LED1_Program.o
 .data          0x00800060        0x0 ./HAL/LCD_Module/LCD_Program.o
 .data          0x00800060        0x0 ./HAL/Keypad_Module/Keypad_Program.o
 .data          0x00800060        0x0 ./HAL/DC_MOTOR/DC_MOTOR_Program.o
 .data          0x00800060      0x42a ./APP/main.o
 .data          0x0080048a        0x0 d:/cources/embededcources/enmbededd imt/new folder/00-tools/03-imt sdk/03- imt sdk/imt_sdk_win_64/winavr/bin/../lib/gcc/avr/4.3.3/avr5\libgcc.a(_udivmodhi4.o)
 .data          0x0080048a        0x0 d:/cources/embededcources/enmbededd imt/new folder/00-tools/03-imt sdk/03- imt sdk/imt_sdk_win_64/winavr/bin/../lib/gcc/avr/4.3.3/avr5\libgcc.a(_divmodhi4.o)
 .data          0x0080048a        0x0 d:/cources/embededcources/enmbededd imt/new folder/00-tools/03-imt sdk/03- imt sdk/imt_sdk_win_64/winavr/bin/../lib/gcc/avr/4.3.3/avr5\libgcc.a(_exit.o)
 .data          0x0080048a        0x0 d:/cources/embededcources/enmbededd imt/new folder/00-tools/03-imt sdk/03- imt sdk/imt_sdk_win_64/winavr/bin/../lib/gcc/avr/4.3.3/avr5\libgcc.a(_copy_data.o)
 .data          0x0080048a        0x0 d:/cources/embededcources/enmbededd imt/new folder/00-tools/03-imt sdk/03- imt sdk/imt_sdk_win_64/winavr/bin/../lib/gcc/avr/4.3.3/avr5\libgcc.a(_clear_bss.o)
 .data          0x0080048a        0x0 d:/cources/embededcources/enmbededd imt/new folder/00-tools/03-imt sdk/03- imt sdk/imt_sdk_win_64/winavr/bin/../lib/gcc/avr/4.3.3/avr5\libgcc.a(_fixunssfsi.o)
 .data          0x0080048a        0x0 d:/cources/embededcources/enmbededd imt/new folder/00-tools/03-imt sdk/03- imt sdk/imt_sdk_win_64/winavr/bin/../lib/gcc/avr/4.3.3/avr5\libgcc.a(_addsub_sf.o)
 .data          0x0080048a        0x0 d:/cources/embededcources/enmbededd imt/new folder/00-tools/03-imt sdk/03- imt sdk/imt_sdk_win_64/winavr/bin/../lib/gcc/avr/4.3.3/avr5\libgcc.a(_mul_sf.o)
 .data          0x0080048a        0x0 d:/cources/embededcources/enmbededd imt/new folder/00-tools/03-imt sdk/03- imt sdk/imt_sdk_win_64/winavr/bin/../lib/gcc/avr/4.3.3/avr5\libgcc.a(_div_sf.o)
 .data          0x0080048a        0x0 d:/cources/embededcources/enmbededd imt/new folder/00-tools/03-imt sdk/03- imt sdk/imt_sdk_win_64/winavr/bin/../lib/gcc/avr/4.3.3/avr5\libgcc.a(_ge_sf.o)
 .data          0x0080048a        0x0 d:/cources/embededcources/enmbededd imt/new folder/00-tools/03-imt sdk/03- imt sdk/imt_sdk_win_64/winavr/bin/../lib/gcc/avr/4.3.3/avr5\libgcc.a(_lt_sf.o)
 .data          0x0080048a        0x0 d:/cources/embededcources/enmbededd imt/new folder/00-tools/03-imt sdk/03- imt sdk/imt_sdk_win_64/winavr/bin/../lib/gcc/avr/4.3.3/avr5\libgcc.a(_sf_to_si.o)
 .data          0x0080048a        0x8 d:/cources/embededcources/enmbededd imt/new folder/00-tools/03-imt sdk/03- imt sdk/imt_sdk_win_64/winavr/bin/../lib/gcc/avr/4.3.3/avr5\libgcc.a(_thenan_sf.o)
                0x0080048a                __thenan_sf
 .data          0x00800492        0x0 d:/cources/embededcources/enmbededd imt/new folder/00-tools/03-imt sdk/03- imt sdk/imt_sdk_win_64/winavr/bin/../lib/gcc/avr/4.3.3/avr5\libgcc.a(_usi_to_sf.o)
 .data          0x00800492        0x0 d:/cources/embededcources/enmbededd imt/new folder/00-tools/03-imt sdk/03- imt sdk/imt_sdk_win_64/winavr/bin/../lib/gcc/avr/4.3.3/avr5\libgcc.a(_prologue.o)
 .data          0x00800492        0x0 d:/cources/embededcources/enmbededd imt/new folder/00-tools/03-imt sdk/03- imt sdk/imt_sdk_win_64/winavr/bin/../lib/gcc/avr/4.3.3/avr5\libgcc.a(_epilogue.o)
 .data          0x00800492        0x0 d:/cources/embededcources/enmbededd imt/new folder/00-tools/03-imt sdk/03- imt sdk/imt_sdk_win_64/winavr/bin/../lib/gcc/avr/4.3.3/avr5\libgcc.a(_clzsi2.o)
 .data          0x00800492        0x0 d:/cources/embededcources/enmbededd imt/new folder/00-tools/03-imt sdk/03- imt sdk/imt_sdk_win_64/winavr/bin/../lib/gcc/avr/4.3.3/avr5\libgcc.a(_pack_sf.o)
 .data          0x00800492        0x0 d:/cources/embededcources/enmbededd imt/new folder/00-tools/03-imt sdk/03- imt sdk/imt_sdk_win_64/winavr/bin/../lib/gcc/avr/4.3.3/avr5\libgcc.a(_unpack_sf.o)
 .data          0x00800492        0x0 d:/cources/embededcources/enmbededd imt/new folder/00-tools/03-imt sdk/03- imt sdk/imt_sdk_win_64/winavr/bin/../lib/gcc/avr/4.3.3/avr5\libgcc.a(_fpcmp_parts_sf.o)
 .data          0x00800492      0x100 d:/cources/embededcources/enmbededd imt/new folder/00-tools/03-imt sdk/03- imt sdk/imt_sdk_win_64/winavr/bin/../lib/gcc/avr/4.3.3/avr5\libgcc.a(_clz.o)
                0x00800492                __clz_tab
 .data          0x00800592        0x6 d:/cources/embededcources/enmbededd imt/new folder/00-tools/03-imt sdk/03- imt sdk/imt_sdk_win_64/winavr/bin/../lib/gcc/avr/4.3.3/../../../../avr/lib/avr5\libc.a(malloc.o)
                0x00800594                __malloc_heap_start
                0x00800596                __malloc_heap_end
                0x00800592                __malloc_margin
 .data          0x00800598        0x0 d:/cources/embededcources/enmbededd imt/new folder/00-tools/03-imt sdk/03- imt sdk/imt_sdk_win_64/winavr/bin/../lib/gcc/avr/4.3.3/../../../../avr/lib/avr5\libc.a(strcpy.o)
 .data          0x00800598        0x0 d:/cources/embededcources/enmbededd imt/new folder/00-tools/03-imt sdk/03- imt sdk/imt_sdk_win_64/winavr/bin/../lib/gcc/avr/4.3.3/../../../../avr/lib/avr5\libc.a(gets.o)
 .data          0x00800598        0x0 d:/cources/embededcources/enmbededd imt/new folder/00-tools/03-imt sdk/03- imt sdk/imt_sdk_win_64/winavr/bin/../lib/gcc/avr/4.3.3/../../../../avr/lib/avr5\libc.a(iob.o)
 .data          0x00800598        0x0 d:/cources/embededcources/enmbededd imt/new folder/00-tools/03-imt sdk/03- imt sdk/imt_sdk_win_64/winavr/bin/../lib/gcc/avr/4.3.3/../../../../avr/lib/avr5\libc.a(printf.o)
 .data          0x00800598        0x0 d:/cources/embededcources/enmbededd imt/new folder/00-tools/03-imt sdk/03- imt sdk/imt_sdk_win_64/winavr/bin/../lib/gcc/avr/4.3.3/../../../../avr/lib/avr5\libc.a(puts.o)
 .data          0x00800598        0x0 d:/cources/embededcources/enmbededd imt/new folder/00-tools/03-imt sdk/03- imt sdk/imt_sdk_win_64/winavr/bin/../lib/gcc/avr/4.3.3/../../../../avr/lib/avr5\libc.a(scanf.o)
 .data          0x00800598        0x0 d:/cources/embededcources/enmbededd imt/new folder/00-tools/03-imt sdk/03- imt sdk/imt_sdk_win_64/winavr/bin/../lib/gcc/avr/4.3.3/../../../../avr/lib/avr5\libc.a(vfprintf_std.o)
 .data          0x00800598        0x0 d:/cources/embededcources/enmbededd imt/new folder/00-tools/03-imt sdk/03- imt sdk/imt_sdk_win_64/winavr/bin/../lib/gcc/avr/4.3.3/../../../../avr/lib/avr5\libc.a(vfscanf_std.o)
 .data          0x00800598        0x0 d:/cources/embededcources/enmbededd imt/new folder/00-tools/03-imt sdk/03- imt sdk/imt_sdk_win_64/winavr/bin/../lib/gcc/avr/4.3.3/../../../../avr/lib/avr5\libc.a(isspace.o)
 .data          0x00800598        0x0 d:/cources/embededcources/enmbededd imt/new folder/00-tools/03-imt sdk/03- imt sdk/imt_sdk_win_64/winavr/bin/../lib/gcc/avr/4.3.3/../../../../avr/lib/avr5\libc.a(strchr_P.o)
 .data          0x00800598        0x0 d:/cources/embededcources/enmbededd imt/new folder/00-tools/03-imt sdk/03- imt sdk/imt_sdk_win_64/winavr/bin/../lib/gcc/avr/4.3.3/../../../../avr/lib/avr5\libc.a(strnlen_P.o)
 .data          0x00800598        0x0 d:/cources/embededcources/enmbededd imt/new folder/00-tools/03-imt sdk/03- imt sdk/imt_sdk_win_64/winavr/bin/../lib/gcc/avr/4.3.3/../../../../avr/lib/avr5\libc.a(strnlen.o)
 .data          0x00800598        0x0 d:/cources/embededcources/enmbededd imt/new folder/00-tools/03-imt sdk/03- imt sdk/imt_sdk_win_64/winavr/bin/../lib/gcc/avr/4.3.3/../../../../avr/lib/avr5\libc.a(fgetc.o)
 .data          0x00800598        0x0 d:/cources/embededcources/enmbededd imt/new folder/00-tools/03-imt sdk/03- imt sdk/imt_sdk_win_64/winavr/bin/../lib/gcc/avr/4.3.3/../../../../avr/lib/avr5\libc.a(fputc.o)
 .data          0x00800598        0x0 d:/cources/embededcources/enmbededd imt/new folder/00-tools/03-imt sdk/03- imt sdk/imt_sdk_win_64/winavr/bin/../lib/gcc/avr/4.3.3/../../../../avr/lib/avr5\libc.a(ungetc.o)
 .data          0x00800598        0x0 d:/cources/embededcources/enmbededd imt/new folder/00-tools/03-imt sdk/03- imt sdk/imt_sdk_win_64/winavr/bin/../lib/gcc/avr/4.3.3/../../../../avr/lib/avr5\libc.a(ultoa_invert.o)
 .data          0x00800598        0x0 d:/cources/embededcources/enmbededd imt/new folder/00-tools/03-imt sdk/03- imt sdk/imt_sdk_win_64/winavr/bin/../lib/gcc/avr/4.3.3/../../../../avr/lib/avr5\libc.a(cty_isfalse.o)
 *(.data*)
 .data.Global_u8State
                0x00800598        0x1 ./MCAL/ADC_Driver/ADC_Program.o
                0x00800598                Global_u8State
 *(.rodata)
 *(.rodata*)
 .rodata.Step   0x00800599        0x4 ./MCAL/ADC_Driver/ADC_Program.o
                0x00800599                Step
 .rodata.ADC_STEP
                0x0080059d        0x4 ./HAL/LM35_Module/LM35_Program.o
                0x0080059d                ADC_STEP
 .rodata.Local_u8KeypadRows.1283
                0x008005a1        0x4 ./HAL/Keypad_Module/Keypad_Program.o
 .rodata.Local_u8KeypadCoulums.1282
                0x008005a5        0x4 ./HAL/Keypad_Module/Keypad_Program.o
 .rodata.Local__u8KeypadValues.1281
                0x008005a9       0x10 ./HAL/Keypad_Module/Keypad_Program.o
 *(.gnu.linkonce.d*)
                0x008005ba                . = ALIGN (0x2)
 *fill*         0x008005b9        0x1 00
                0x008005ba                _edata = .
                0x008005ba                PROVIDE (__data_end, .)

.bss            0x008005ba       0x31
                0x008005ba                PROVIDE (__bss_start, .)
 *(.bss)
 .bss           0x008005ba        0x0 d:/cources/embededcources/enmbededd imt/new folder/00-tools/03-imt sdk/03- imt sdk/imt_sdk_win_64/winavr/bin/../lib/gcc/avr/4.3.3/../../../../avr/lib/avr5/crtm32.o
 .bss           0x008005ba        0x0 ./MCAL/UART_Driver/UART_Program.o
 .bss           0x008005ba        0x0 ./MCAL/Timer_Driver/Timer_Program.o
 .bss           0x008005ba        0x0 ./MCAL/PORT_Driver/PORT_Program.o
 .bss           0x008005ba        0x0 ./MCAL/GIE_Driver/GIE_Program.o
 .bss           0x008005ba        0x0 ./MCAL/External_Interrupt_Driver/External_Interrupt_Program.o
 .bss           0x008005ba        0x0 ./MCAL/DIO_Driver/DIO_Program.o
 .bss           0x008005ba        0x0 ./MCAL/ADC_Driver/ADC_Program.o
 .bss           0x008005ba        0x0 ./HAL/ServoMotor_Handler/ServoMotor_Program.o
 .bss           0x008005ba        0x0 ./HAL/LM35_Module/LM35_Program.o
 .bss           0x008005ba        0x0 ./HAL/LED_Module/LED1_Program.o
 .bss           0x008005ba        0x0 ./HAL/LCD_Module/LCD_Program.o
 .bss           0x008005ba        0x0 ./HAL/Keypad_Module/Keypad_Program.o
 .bss           0x008005ba        0x0 ./HAL/DC_MOTOR/DC_MOTOR_Program.o
 .bss           0x008005ba        0x0 ./APP/main.o
 .bss           0x008005ba        0x0 d:/cources/embededcources/enmbededd imt/new folder/00-tools/03-imt sdk/03- imt sdk/imt_sdk_win_64/winavr/bin/../lib/gcc/avr/4.3.3/avr5\libgcc.a(_udivmodhi4.o)
 .bss           0x008005ba        0x0 d:/cources/embededcources/enmbededd imt/new folder/00-tools/03-imt sdk/03- imt sdk/imt_sdk_win_64/winavr/bin/../lib/gcc/avr/4.3.3/avr5\libgcc.a(_divmodhi4.o)
 .bss           0x008005ba        0x0 d:/cources/embededcources/enmbededd imt/new folder/00-tools/03-imt sdk/03- imt sdk/imt_sdk_win_64/winavr/bin/../lib/gcc/avr/4.3.3/avr5\libgcc.a(_exit.o)
 .bss           0x008005ba        0x0 d:/cources/embededcources/enmbededd imt/new folder/00-tools/03-imt sdk/03- imt sdk/imt_sdk_win_64/winavr/bin/../lib/gcc/avr/4.3.3/avr5\libgcc.a(_copy_data.o)
 .bss           0x008005ba        0x0 d:/cources/embededcources/enmbededd imt/new folder/00-tools/03-imt sdk/03- imt sdk/imt_sdk_win_64/winavr/bin/../lib/gcc/avr/4.3.3/avr5\libgcc.a(_clear_bss.o)
 .bss           0x008005ba        0x0 d:/cources/embededcources/enmbededd imt/new folder/00-tools/03-imt sdk/03- imt sdk/imt_sdk_win_64/winavr/bin/../lib/gcc/avr/4.3.3/avr5\libgcc.a(_fixunssfsi.o)
 .bss           0x008005ba        0x0 d:/cources/embededcources/enmbededd imt/new folder/00-tools/03-imt sdk/03- imt sdk/imt_sdk_win_64/winavr/bin/../lib/gcc/avr/4.3.3/avr5\libgcc.a(_addsub_sf.o)
 .bss           0x008005ba        0x0 d:/cources/embededcources/enmbededd imt/new folder/00-tools/03-imt sdk/03- imt sdk/imt_sdk_win_64/winavr/bin/../lib/gcc/avr/4.3.3/avr5\libgcc.a(_mul_sf.o)
 .bss           0x008005ba        0x0 d:/cources/embededcources/enmbededd imt/new folder/00-tools/03-imt sdk/03- imt sdk/imt_sdk_win_64/winavr/bin/../lib/gcc/avr/4.3.3/avr5\libgcc.a(_div_sf.o)
 .bss           0x008005ba        0x0 d:/cources/embededcources/enmbededd imt/new folder/00-tools/03-imt sdk/03- imt sdk/imt_sdk_win_64/winavr/bin/../lib/gcc/avr/4.3.3/avr5\libgcc.a(_ge_sf.o)
 .bss           0x008005ba        0x0 d:/cources/embededcources/enmbededd imt/new folder/00-tools/03-imt sdk/03- imt sdk/imt_sdk_win_64/winavr/bin/../lib/gcc/avr/4.3.3/avr5\libgcc.a(_lt_sf.o)
 .bss           0x008005ba        0x0 d:/cources/embededcources/enmbededd imt/new folder/00-tools/03-imt sdk/03- imt sdk/imt_sdk_win_64/winavr/bin/../lib/gcc/avr/4.3.3/avr5\libgcc.a(_sf_to_si.o)
 .bss           0x008005ba        0x0 d:/cources/embededcources/enmbededd imt/new folder/00-tools/03-imt sdk/03- imt sdk/imt_sdk_win_64/winavr/bin/../lib/gcc/avr/4.3.3/avr5\libgcc.a(_thenan_sf.o)
 .bss           0x008005ba        0x0 d:/cources/embededcources/enmbededd imt/new folder/00-tools/03-imt sdk/03- imt sdk/imt_sdk_win_64/winavr/bin/../lib/gcc/avr/4.3.3/avr5\libgcc.a(_usi_to_sf.o)
 .bss           0x008005ba        0x0 d:/cources/embededcources/enmbededd imt/new folder/00-tools/03-imt sdk/03- imt sdk/imt_sdk_win_64/winavr/bin/../lib/gcc/avr/4.3.3/avr5\libgcc.a(_prologue.o)
 .bss           0x008005ba        0x0 d:/cources/embededcources/enmbededd imt/new folder/00-tools/03-imt sdk/03- imt sdk/imt_sdk_win_64/winavr/bin/../lib/gcc/avr/4.3.3/avr5\libgcc.a(_epilogue.o)
 .bss           0x008005ba        0x0 d:/cources/embededcources/enmbededd imt/new folder/00-tools/03-imt sdk/03- imt sdk/imt_sdk_win_64/winavr/bin/../lib/gcc/avr/4.3.3/avr5\libgcc.a(_clzsi2.o)
 .bss           0x008005ba        0x0 d:/cources/embededcources/enmbededd imt/new folder/00-tools/03-imt sdk/03- imt sdk/imt_sdk_win_64/winavr/bin/../lib/gcc/avr/4.3.3/avr5\libgcc.a(_pack_sf.o)
 .bss           0x008005ba        0x0 d:/cources/embededcources/enmbededd imt/new folder/00-tools/03-imt sdk/03- imt sdk/imt_sdk_win_64/winavr/bin/../lib/gcc/avr/4.3.3/avr5\libgcc.a(_unpack_sf.o)
 .bss           0x008005ba        0x0 d:/cources/embededcources/enmbededd imt/new folder/00-tools/03-imt sdk/03- imt sdk/imt_sdk_win_64/winavr/bin/../lib/gcc/avr/4.3.3/avr5\libgcc.a(_fpcmp_parts_sf.o)
 .bss           0x008005ba        0x0 d:/cources/embededcources/enmbededd imt/new folder/00-tools/03-imt sdk/03- imt sdk/imt_sdk_win_64/winavr/bin/../lib/gcc/avr/4.3.3/avr5\libgcc.a(_clz.o)
 .bss           0x008005ba        0x0 d:/cources/embededcources/enmbededd imt/new folder/00-tools/03-imt sdk/03- imt sdk/imt_sdk_win_64/winavr/bin/../lib/gcc/avr/4.3.3/../../../../avr/lib/avr5\libc.a(malloc.o)
 .bss           0x008005ba        0x0 d:/cources/embededcources/enmbededd imt/new folder/00-tools/03-imt sdk/03- imt sdk/imt_sdk_win_64/winavr/bin/../lib/gcc/avr/4.3.3/../../../../avr/lib/avr5\libc.a(strcpy.o)
 .bss           0x008005ba        0x0 d:/cources/embededcources/enmbededd imt/new folder/00-tools/03-imt sdk/03- imt sdk/imt_sdk_win_64/winavr/bin/../lib/gcc/avr/4.3.3/../../../../avr/lib/avr5\libc.a(gets.o)
 .bss           0x008005ba        0x0 d:/cources/embededcources/enmbededd imt/new folder/00-tools/03-imt sdk/03- imt sdk/imt_sdk_win_64/winavr/bin/../lib/gcc/avr/4.3.3/../../../../avr/lib/avr5\libc.a(iob.o)
 .bss           0x008005ba        0x0 d:/cources/embededcources/enmbededd imt/new folder/00-tools/03-imt sdk/03- imt sdk/imt_sdk_win_64/winavr/bin/../lib/gcc/avr/4.3.3/../../../../avr/lib/avr5\libc.a(printf.o)
 .bss           0x008005ba        0x0 d:/cources/embededcources/enmbededd imt/new folder/00-tools/03-imt sdk/03- imt sdk/imt_sdk_win_64/winavr/bin/../lib/gcc/avr/4.3.3/../../../../avr/lib/avr5\libc.a(puts.o)
 .bss           0x008005ba        0x0 d:/cources/embededcources/enmbededd imt/new folder/00-tools/03-imt sdk/03- imt sdk/imt_sdk_win_64/winavr/bin/../lib/gcc/avr/4.3.3/../../../../avr/lib/avr5\libc.a(scanf.o)
 .bss           0x008005ba        0x0 d:/cources/embededcources/enmbededd imt/new folder/00-tools/03-imt sdk/03- imt sdk/imt_sdk_win_64/winavr/bin/../lib/gcc/avr/4.3.3/../../../../avr/lib/avr5\libc.a(vfprintf_std.o)
 .bss           0x008005ba        0x0 d:/cources/embededcources/enmbededd imt/new folder/00-tools/03-imt sdk/03- imt sdk/imt_sdk_win_64/winavr/bin/../lib/gcc/avr/4.3.3/../../../../avr/lib/avr5\libc.a(vfscanf_std.o)
 .bss           0x008005ba        0x0 d:/cources/embededcources/enmbededd imt/new folder/00-tools/03-imt sdk/03- imt sdk/imt_sdk_win_64/winavr/bin/../lib/gcc/avr/4.3.3/../../../../avr/lib/avr5\libc.a(isspace.o)
 .bss           0x008005ba        0x0 d:/cources/embededcources/enmbededd imt/new folder/00-tools/03-imt sdk/03- imt sdk/imt_sdk_win_64/winavr/bin/../lib/gcc/avr/4.3.3/../../../../avr/lib/avr5\libc.a(strchr_P.o)
 .bss           0x008005ba        0x0 d:/cources/embededcources/enmbededd imt/new folder/00-tools/03-imt sdk/03- imt sdk/imt_sdk_win_64/winavr/bin/../lib/gcc/avr/4.3.3/../../../../avr/lib/avr5\libc.a(strnlen_P.o)
 .bss           0x008005ba        0x0 d:/cources/embededcources/enmbededd imt/new folder/00-tools/03-imt sdk/03- imt sdk/imt_sdk_win_64/winavr/bin/../lib/gcc/avr/4.3.3/../../../../avr/lib/avr5\libc.a(strnlen.o)
 .bss           0x008005ba        0x0 d:/cources/embededcources/enmbededd imt/new folder/00-tools/03-imt sdk/03- imt sdk/imt_sdk_win_64/winavr/bin/../lib/gcc/avr/4.3.3/../../../../avr/lib/avr5\libc.a(fgetc.o)
 .bss           0x008005ba        0x0 d:/cources/embededcources/enmbededd imt/new folder/00-tools/03-imt sdk/03- imt sdk/imt_sdk_win_64/winavr/bin/../lib/gcc/avr/4.3.3/../../../../avr/lib/avr5\libc.a(fputc.o)
 .bss           0x008005ba        0x0 d:/cources/embededcources/enmbededd imt/new folder/00-tools/03-imt sdk/03- imt sdk/imt_sdk_win_64/winavr/bin/../lib/gcc/avr/4.3.3/../../../../avr/lib/avr5\libc.a(ungetc.o)
 .bss           0x008005ba        0x0 d:/cources/embededcources/enmbededd imt/new folder/00-tools/03-imt sdk/03- imt sdk/imt_sdk_win_64/winavr/bin/../lib/gcc/avr/4.3.3/../../../../avr/lib/avr5\libc.a(ultoa_invert.o)
 .bss           0x008005ba        0x0 d:/cources/embededcources/enmbededd imt/new folder/00-tools/03-imt sdk/03- imt sdk/imt_sdk_win_64/winavr/bin/../lib/gcc/avr/4.3.3/../../../../avr/lib/avr5\libc.a(cty_isfalse.o)
 *(.bss*)
 .bss.UART_VidCallBack_ISR_Funtion
                0x008005ba        0x6 ./MCAL/UART_Driver/UART_Program.o
 .bss.iterator.1757
                0x008005c0        0x2 ./MCAL/UART_Driver/UART_Program.o
 .bss.Timer_VidCallBack_ISR_Funtion
                0x008005c2       0x10 ./MCAL/Timer_Driver/Timer_Program.o
 .bss.EXTI_VidCallBack_ISR_Funtion
                0x008005d2        0x2 ./MCAL/External_Interrupt_Driver/External_Interrupt_Program.o
                0x008005d2                EXTI_VidCallBack_ISR_Funtion
 .bss.Global_pu16ADC_Reading
                0x008005d4        0x2 ./MCAL/ADC_Driver/ADC_Program.o
 .bss.ADC_VidCallBack_ISR_Funtion
                0x008005d6        0x2 ./MCAL/ADC_Driver/ADC_Program.o
 .bss.Global_u8Clear
                0x008005d8        0x1 ./HAL/LCD_Module/LCD_Program.o
                0x008005d8                Global_u8Clear
 .bss.Global_u8XPos
                0x008005d9        0x1 ./HAL/LCD_Module/LCD_Program.o
                0x008005d9                Global_u8XPos
 .bss.Global_u8YPos
                0x008005da        0x1 ./HAL/LCD_Module/LCD_Program.o
                0x008005da                Global_u8YPos
 .bss.Global_u8EnterGoToFunc
                0x008005db        0x1 ./HAL/LCD_Module/LCD_Program.o
                0x008005db                Global_u8EnterGoToFunc
 .bss.HeadUser  0x008005dc        0x2 ./APP/main.o
                0x008005dc                HeadUser
 .bss.TailUser  0x008005de        0x2 ./APP/main.o
                0x008005de                TailUser
 .bss.Global_u8UserNumber
                0x008005e0        0x1 ./APP/main.o
                0x008005e0                Global_u8UserNumber
 *(COMMON)
 COMMON         0x008005e1        0x4 d:/cources/embededcources/enmbededd imt/new folder/00-tools/03-imt sdk/03- imt sdk/imt_sdk_win_64/winavr/bin/../lib/gcc/avr/4.3.3/../../../../avr/lib/avr5\libc.a(malloc.o)
                0x008005e1                __brkval
                0x008005e3                __flp
 COMMON         0x008005e5        0x6 d:/cources/embededcources/enmbededd imt/new folder/00-tools/03-imt sdk/03- imt sdk/imt_sdk_win_64/winavr/bin/../lib/gcc/avr/4.3.3/../../../../avr/lib/avr5\libc.a(iob.o)
                0x008005e5                __iob
                0x008005eb                PROVIDE (__bss_end, .)
                0x00003946                __data_load_start = LOADADDR (.data)
                0x00003ea0                __data_load_end = (__data_load_start + SIZEOF (.data))

.noinit         0x008005eb        0x0
                0x008005eb                PROVIDE (__noinit_start, .)
 *(.noinit*)
                0x008005eb                PROVIDE (__noinit_end, .)
                0x008005eb                _end = .
                0x008005eb                PROVIDE (__heap_start, .)

.eeprom         0x00810000        0x0
 *(.eeprom*)
                0x00810000                __eeprom_end = .

.fuse
 *(.fuse)
 *(.lfuse)
 *(.hfuse)
 *(.efuse)

.lock
 *(.lock*)

.signature
 *(.signature*)

.stab
 *(.stab)

.stabstr
 *(.stabstr)

.stab.excl
 *(.stab.excl)

.stab.exclstr
 *(.stab.exclstr)

.stab.index
 *(.stab.index)

.stab.indexstr
 *(.stab.indexstr)

.comment
 *(.comment)

.debug
 *(.debug)

.line
 *(.line)

.debug_srcinfo
 *(.debug_srcinfo)

.debug_sfnames
 *(.debug_sfnames)

.debug_aranges  0x00000000      0x180
 *(.debug_aranges)
 .debug_aranges
                0x00000000       0x20 d:/cources/embededcources/enmbededd imt/new folder/00-tools/03-imt sdk/03- imt sdk/imt_sdk_win_64/winavr/bin/../lib/gcc/avr/4.3.3/avr5\libgcc.a(_fixunssfsi.o)
 .debug_aranges
                0x00000020       0x20 d:/cources/embededcources/enmbededd imt/new folder/00-tools/03-imt sdk/03- imt sdk/imt_sdk_win_64/winavr/bin/../lib/gcc/avr/4.3.3/avr5\libgcc.a(_addsub_sf.o)
 .debug_aranges
                0x00000040       0x20 d:/cources/embededcources/enmbededd imt/new folder/00-tools/03-imt sdk/03- imt sdk/imt_sdk_win_64/winavr/bin/../lib/gcc/avr/4.3.3/avr5\libgcc.a(_mul_sf.o)
 .debug_aranges
                0x00000060       0x20 d:/cources/embededcources/enmbededd imt/new folder/00-tools/03-imt sdk/03- imt sdk/imt_sdk_win_64/winavr/bin/../lib/gcc/avr/4.3.3/avr5\libgcc.a(_div_sf.o)
 .debug_aranges
                0x00000080       0x20 d:/cources/embededcources/enmbededd imt/new folder/00-tools/03-imt sdk/03- imt sdk/imt_sdk_win_64/winavr/bin/../lib/gcc/avr/4.3.3/avr5\libgcc.a(_ge_sf.o)
 .debug_aranges
                0x000000a0       0x20 d:/cources/embededcources/enmbededd imt/new folder/00-tools/03-imt sdk/03- imt sdk/imt_sdk_win_64/winavr/bin/../lib/gcc/avr/4.3.3/avr5\libgcc.a(_lt_sf.o)
 .debug_aranges
                0x000000c0       0x20 d:/cources/embededcources/enmbededd imt/new folder/00-tools/03-imt sdk/03- imt sdk/imt_sdk_win_64/winavr/bin/../lib/gcc/avr/4.3.3/avr5\libgcc.a(_sf_to_si.o)
 .debug_aranges
                0x000000e0       0x20 d:/cources/embededcources/enmbededd imt/new folder/00-tools/03-imt sdk/03- imt sdk/imt_sdk_win_64/winavr/bin/../lib/gcc/avr/4.3.3/avr5\libgcc.a(_usi_to_sf.o)
 .debug_aranges
                0x00000100       0x20 d:/cources/embededcources/enmbededd imt/new folder/00-tools/03-imt sdk/03- imt sdk/imt_sdk_win_64/winavr/bin/../lib/gcc/avr/4.3.3/avr5\libgcc.a(_clzsi2.o)
 .debug_aranges
                0x00000120       0x20 d:/cources/embededcources/enmbededd imt/new folder/00-tools/03-imt sdk/03- imt sdk/imt_sdk_win_64/winavr/bin/../lib/gcc/avr/4.3.3/avr5\libgcc.a(_pack_sf.o)
 .debug_aranges
                0x00000140       0x20 d:/cources/embededcources/enmbededd imt/new folder/00-tools/03-imt sdk/03- imt sdk/imt_sdk_win_64/winavr/bin/../lib/gcc/avr/4.3.3/avr5\libgcc.a(_unpack_sf.o)
 .debug_aranges
                0x00000160       0x20 d:/cources/embededcources/enmbededd imt/new folder/00-tools/03-imt sdk/03- imt sdk/imt_sdk_win_64/winavr/bin/../lib/gcc/avr/4.3.3/avr5\libgcc.a(_fpcmp_parts_sf.o)

.debug_pubnames
                0x00000000      0x1d4
 *(.debug_pubnames)
 .debug_pubnames
                0x00000000       0x23 d:/cources/embededcources/enmbededd imt/new folder/00-tools/03-imt sdk/03- imt sdk/imt_sdk_win_64/winavr/bin/../lib/gcc/avr/4.3.3/avr5\libgcc.a(_fixunssfsi.o)
 .debug_pubnames
                0x00000023       0x2c d:/cources/embededcources/enmbededd imt/new folder/00-tools/03-imt sdk/03- imt sdk/imt_sdk_win_64/winavr/bin/../lib/gcc/avr/4.3.3/avr5\libgcc.a(_addsub_sf.o)
 .debug_pubnames
                0x0000004f       0x1f d:/cources/embededcources/enmbededd imt/new folder/00-tools/03-imt sdk/03- imt sdk/imt_sdk_win_64/winavr/bin/../lib/gcc/avr/4.3.3/avr5\libgcc.a(_mul_sf.o)
 .debug_pubnames
                0x0000006e       0x1f d:/cources/embededcources/enmbededd imt/new folder/00-tools/03-imt sdk/03- imt sdk/imt_sdk_win_64/winavr/bin/../lib/gcc/avr/4.3.3/avr5\libgcc.a(_div_sf.o)
 .debug_pubnames
                0x0000008d       0x1e d:/cources/embededcources/enmbededd imt/new folder/00-tools/03-imt sdk/03- imt sdk/imt_sdk_win_64/winavr/bin/../lib/gcc/avr/4.3.3/avr5\libgcc.a(_ge_sf.o)
 .debug_pubnames
                0x000000ab       0x1e d:/cources/embededcources/enmbededd imt/new folder/00-tools/03-imt sdk/03- imt sdk/imt_sdk_win_64/winavr/bin/../lib/gcc/avr/4.3.3/avr5\libgcc.a(_lt_sf.o)
 .debug_pubnames
                0x000000c9       0x20 d:/cources/embededcources/enmbededd imt/new folder/00-tools/03-imt sdk/03- imt sdk/imt_sdk_win_64/winavr/bin/../lib/gcc/avr/4.3.3/avr5\libgcc.a(_sf_to_si.o)
 .debug_pubnames
                0x000000e9       0x22 d:/cources/embededcources/enmbededd imt/new folder/00-tools/03-imt sdk/03- imt sdk/imt_sdk_win_64/winavr/bin/../lib/gcc/avr/4.3.3/avr5\libgcc.a(_thenan_sf.o)
 .debug_pubnames
                0x0000010b       0x24 d:/cources/embededcources/enmbededd imt/new folder/00-tools/03-imt sdk/03- imt sdk/imt_sdk_win_64/winavr/bin/../lib/gcc/avr/4.3.3/avr5\libgcc.a(_usi_to_sf.o)
 .debug_pubnames
                0x0000012f       0x1f d:/cources/embededcources/enmbededd imt/new folder/00-tools/03-imt sdk/03- imt sdk/imt_sdk_win_64/winavr/bin/../lib/gcc/avr/4.3.3/avr5\libgcc.a(_clzsi2.o)
 .debug_pubnames
                0x0000014e       0x1f d:/cources/embededcources/enmbededd imt/new folder/00-tools/03-imt sdk/03- imt sdk/imt_sdk_win_64/winavr/bin/../lib/gcc/avr/4.3.3/avr5\libgcc.a(_pack_sf.o)
 .debug_pubnames
                0x0000016d       0x21 d:/cources/embededcources/enmbededd imt/new folder/00-tools/03-imt sdk/03- imt sdk/imt_sdk_win_64/winavr/bin/../lib/gcc/avr/4.3.3/avr5\libgcc.a(_unpack_sf.o)
 .debug_pubnames
                0x0000018e       0x26 d:/cources/embededcources/enmbededd imt/new folder/00-tools/03-imt sdk/03- imt sdk/imt_sdk_win_64/winavr/bin/../lib/gcc/avr/4.3.3/avr5\libgcc.a(_fpcmp_parts_sf.o)
 .debug_pubnames
                0x000001b4       0x20 d:/cources/embededcources/enmbededd imt/new folder/00-tools/03-imt sdk/03- imt sdk/imt_sdk_win_64/winavr/bin/../lib/gcc/avr/4.3.3/avr5\libgcc.a(_clz.o)

.debug_info     0x00000000     0x218c
 *(.debug_info)
 .debug_info    0x00000000       0xb1 d:/cources/embededcources/enmbededd imt/new folder/00-tools/03-imt sdk/03- imt sdk/imt_sdk_win_64/winavr/bin/../lib/gcc/avr/4.3.3/avr5\libgcc.a(_fixunssfsi.o)
 .debug_info    0x000000b1      0x47a d:/cources/embededcources/enmbededd imt/new folder/00-tools/03-imt sdk/03- imt sdk/imt_sdk_win_64/winavr/bin/../lib/gcc/avr/4.3.3/avr5\libgcc.a(_addsub_sf.o)
 .debug_info    0x0000052b      0x485 d:/cources/embededcources/enmbededd imt/new folder/00-tools/03-imt sdk/03- imt sdk/imt_sdk_win_64/winavr/bin/../lib/gcc/avr/4.3.3/avr5\libgcc.a(_mul_sf.o)
 .debug_info    0x000009b0      0x3fc d:/cources/embededcources/enmbededd imt/new folder/00-tools/03-imt sdk/03- imt sdk/imt_sdk_win_64/winavr/bin/../lib/gcc/avr/4.3.3/avr5\libgcc.a(_div_sf.o)
 .debug_info    0x00000dac      0x27f d:/cources/embededcources/enmbededd imt/new folder/00-tools/03-imt sdk/03- imt sdk/imt_sdk_win_64/winavr/bin/../lib/gcc/avr/4.3.3/avr5\libgcc.a(_ge_sf.o)
 .debug_info    0x0000102b      0x27f d:/cources/embededcources/enmbededd imt/new folder/00-tools/03-imt sdk/03- imt sdk/imt_sdk_win_64/winavr/bin/../lib/gcc/avr/4.3.3/avr5\libgcc.a(_lt_sf.o)
 .debug_info    0x000012aa      0x2b0 d:/cources/embededcources/enmbededd imt/new folder/00-tools/03-imt sdk/03- imt sdk/imt_sdk_win_64/winavr/bin/../lib/gcc/avr/4.3.3/avr5\libgcc.a(_sf_to_si.o)
 .debug_info    0x0000155a      0x12c d:/cources/embededcources/enmbededd imt/new folder/00-tools/03-imt sdk/03- imt sdk/imt_sdk_win_64/winavr/bin/../lib/gcc/avr/4.3.3/avr5\libgcc.a(_thenan_sf.o)
 .debug_info    0x00001686      0x206 d:/cources/embededcources/enmbededd imt/new folder/00-tools/03-imt sdk/03- imt sdk/imt_sdk_win_64/winavr/bin/../lib/gcc/avr/4.3.3/avr5\libgcc.a(_usi_to_sf.o)
 .debug_info    0x0000188c      0x117 d:/cources/embededcources/enmbededd imt/new folder/00-tools/03-imt sdk/03- imt sdk/imt_sdk_win_64/winavr/bin/../lib/gcc/avr/4.3.3/avr5\libgcc.a(_clzsi2.o)
 .debug_info    0x000019a3      0x2df d:/cources/embededcources/enmbededd imt/new folder/00-tools/03-imt sdk/03- imt sdk/imt_sdk_win_64/winavr/bin/../lib/gcc/avr/4.3.3/avr5\libgcc.a(_pack_sf.o)
 .debug_info    0x00001c82      0x251 d:/cources/embededcources/enmbededd imt/new folder/00-tools/03-imt sdk/03- imt sdk/imt_sdk_win_64/winavr/bin/../lib/gcc/avr/4.3.3/avr5\libgcc.a(_unpack_sf.o)
 .debug_info    0x00001ed3      0x210 d:/cources/embededcources/enmbededd imt/new folder/00-tools/03-imt sdk/03- imt sdk/imt_sdk_win_64/winavr/bin/../lib/gcc/avr/4.3.3/avr5\libgcc.a(_fpcmp_parts_sf.o)
 .debug_info    0x000020e3       0xa9 d:/cources/embededcources/enmbededd imt/new folder/00-tools/03-imt sdk/03- imt sdk/imt_sdk_win_64/winavr/bin/../lib/gcc/avr/4.3.3/avr5\libgcc.a(_clz.o)
 *(.gnu.linkonce.wi.*)

.debug_abbrev   0x00000000     0x122c
 *(.debug_abbrev)
 .debug_abbrev  0x00000000       0x5d d:/cources/embededcources/enmbededd imt/new folder/00-tools/03-imt sdk/03- imt sdk/imt_sdk_win_64/winavr/bin/../lib/gcc/avr/4.3.3/avr5\libgcc.a(_fixunssfsi.o)
 .debug_abbrev  0x0000005d      0x1ea d:/cources/embededcources/enmbededd imt/new folder/00-tools/03-imt sdk/03- imt sdk/imt_sdk_win_64/winavr/bin/../lib/gcc/avr/4.3.3/avr5\libgcc.a(_addsub_sf.o)
 .debug_abbrev  0x00000247      0x21b d:/cources/embededcources/enmbededd imt/new folder/00-tools/03-imt sdk/03- imt sdk/imt_sdk_win_64/winavr/bin/../lib/gcc/avr/4.3.3/avr5\libgcc.a(_mul_sf.o)
 .debug_abbrev  0x00000462      0x216 d:/cources/embededcources/enmbededd imt/new folder/00-tools/03-imt sdk/03- imt sdk/imt_sdk_win_64/winavr/bin/../lib/gcc/avr/4.3.3/avr5\libgcc.a(_div_sf.o)
 .debug_abbrev  0x00000678      0x15a d:/cources/embededcources/enmbededd imt/new folder/00-tools/03-imt sdk/03- imt sdk/imt_sdk_win_64/winavr/bin/../lib/gcc/avr/4.3.3/avr5\libgcc.a(_ge_sf.o)
 .debug_abbrev  0x000007d2      0x15a d:/cources/embededcources/enmbededd imt/new folder/00-tools/03-imt sdk/03- imt sdk/imt_sdk_win_64/winavr/bin/../lib/gcc/avr/4.3.3/avr5\libgcc.a(_lt_sf.o)
 .debug_abbrev  0x0000092c      0x17f d:/cources/embededcources/enmbededd imt/new folder/00-tools/03-imt sdk/03- imt sdk/imt_sdk_win_64/winavr/bin/../lib/gcc/avr/4.3.3/avr5\libgcc.a(_sf_to_si.o)
 .debug_abbrev  0x00000aab       0xad d:/cources/embededcources/enmbededd imt/new folder/00-tools/03-imt sdk/03- imt sdk/imt_sdk_win_64/winavr/bin/../lib/gcc/avr/4.3.3/avr5\libgcc.a(_thenan_sf.o)
 .debug_abbrev  0x00000b58      0x157 d:/cources/embededcources/enmbededd imt/new folder/00-tools/03-imt sdk/03- imt sdk/imt_sdk_win_64/winavr/bin/../lib/gcc/avr/4.3.3/avr5\libgcc.a(_usi_to_sf.o)
 .debug_abbrev  0x00000caf       0xc4 d:/cources/embededcources/enmbededd imt/new folder/00-tools/03-imt sdk/03- imt sdk/imt_sdk_win_64/winavr/bin/../lib/gcc/avr/4.3.3/avr5\libgcc.a(_clzsi2.o)
 .debug_abbrev  0x00000d73      0x1c0 d:/cources/embededcources/enmbededd imt/new folder/00-tools/03-imt sdk/03- imt sdk/imt_sdk_win_64/winavr/bin/../lib/gcc/avr/4.3.3/avr5\libgcc.a(_pack_sf.o)
 .debug_abbrev  0x00000f33      0x154 d:/cources/embededcources/enmbededd imt/new folder/00-tools/03-imt sdk/03- imt sdk/imt_sdk_win_64/winavr/bin/../lib/gcc/avr/4.3.3/avr5\libgcc.a(_unpack_sf.o)
 .debug_abbrev  0x00001087      0x13b d:/cources/embededcources/enmbededd imt/new folder/00-tools/03-imt sdk/03- imt sdk/imt_sdk_win_64/winavr/bin/../lib/gcc/avr/4.3.3/avr5\libgcc.a(_fpcmp_parts_sf.o)
 .debug_abbrev  0x000011c2       0x6a d:/cources/embededcources/enmbededd imt/new folder/00-tools/03-imt sdk/03- imt sdk/imt_sdk_win_64/winavr/bin/../lib/gcc/avr/4.3.3/avr5\libgcc.a(_clz.o)

.debug_line     0x00000000     0x1103
 *(.debug_line)
 .debug_line    0x00000000       0xa7 d:/cources/embededcources/enmbededd imt/new folder/00-tools/03-imt sdk/03- imt sdk/imt_sdk_win_64/winavr/bin/../lib/gcc/avr/4.3.3/avr5\libgcc.a(_fixunssfsi.o)
 .debug_line    0x000000a7      0x2af d:/cources/embededcources/enmbededd imt/new folder/00-tools/03-imt sdk/03- imt sdk/imt_sdk_win_64/winavr/bin/../lib/gcc/avr/4.3.3/avr5\libgcc.a(_addsub_sf.o)
 .debug_line    0x00000356      0x239 d:/cources/embededcources/enmbededd imt/new folder/00-tools/03-imt sdk/03- imt sdk/imt_sdk_win_64/winavr/bin/../lib/gcc/avr/4.3.3/avr5\libgcc.a(_mul_sf.o)
 .debug_line    0x0000058f      0x1d5 d:/cources/embededcources/enmbededd imt/new folder/00-tools/03-imt sdk/03- imt sdk/imt_sdk_win_64/winavr/bin/../lib/gcc/avr/4.3.3/avr5\libgcc.a(_div_sf.o)
 .debug_line    0x00000764       0xd3 d:/cources/embededcources/enmbededd imt/new folder/00-tools/03-imt sdk/03- imt sdk/imt_sdk_win_64/winavr/bin/../lib/gcc/avr/4.3.3/avr5\libgcc.a(_ge_sf.o)
 .debug_line    0x00000837       0xd3 d:/cources/embededcources/enmbededd imt/new folder/00-tools/03-imt sdk/03- imt sdk/imt_sdk_win_64/winavr/bin/../lib/gcc/avr/4.3.3/avr5\libgcc.a(_lt_sf.o)
 .debug_line    0x0000090a      0x109 d:/cources/embededcources/enmbededd imt/new folder/00-tools/03-imt sdk/03- imt sdk/imt_sdk_win_64/winavr/bin/../lib/gcc/avr/4.3.3/avr5\libgcc.a(_sf_to_si.o)
 .debug_line    0x00000a13       0x90 d:/cources/embededcources/enmbededd imt/new folder/00-tools/03-imt sdk/03- imt sdk/imt_sdk_win_64/winavr/bin/../lib/gcc/avr/4.3.3/avr5\libgcc.a(_thenan_sf.o)
 .debug_line    0x00000aa3      0x133 d:/cources/embededcources/enmbededd imt/new folder/00-tools/03-imt sdk/03- imt sdk/imt_sdk_win_64/winavr/bin/../lib/gcc/avr/4.3.3/avr5\libgcc.a(_usi_to_sf.o)
 .debug_line    0x00000bd6       0xa5 d:/cources/embededcources/enmbededd imt/new folder/00-tools/03-imt sdk/03- imt sdk/imt_sdk_win_64/winavr/bin/../lib/gcc/avr/4.3.3/avr5\libgcc.a(_clzsi2.o)
 .debug_line    0x00000c7b      0x18a d:/cources/embededcources/enmbededd imt/new folder/00-tools/03-imt sdk/03- imt sdk/imt_sdk_win_64/winavr/bin/../lib/gcc/avr/4.3.3/avr5\libgcc.a(_pack_sf.o)
 .debug_line    0x00000e05      0x14b d:/cources/embededcources/enmbededd imt/new folder/00-tools/03-imt sdk/03- imt sdk/imt_sdk_win_64/winavr/bin/../lib/gcc/avr/4.3.3/avr5\libgcc.a(_unpack_sf.o)
 .debug_line    0x00000f50      0x137 d:/cources/embededcources/enmbededd imt/new folder/00-tools/03-imt sdk/03- imt sdk/imt_sdk_win_64/winavr/bin/../lib/gcc/avr/4.3.3/avr5\libgcc.a(_fpcmp_parts_sf.o)
 .debug_line    0x00001087       0x7c d:/cources/embededcources/enmbededd imt/new folder/00-tools/03-imt sdk/03- imt sdk/imt_sdk_win_64/winavr/bin/../lib/gcc/avr/4.3.3/avr5\libgcc.a(_clz.o)

.debug_frame    0x00000000      0x1a0
 *(.debug_frame)
 .debug_frame   0x00000000       0x20 d:/cources/embededcources/enmbededd imt/new folder/00-tools/03-imt sdk/03- imt sdk/imt_sdk_win_64/winavr/bin/../lib/gcc/avr/4.3.3/avr5\libgcc.a(_fixunssfsi.o)
 .debug_frame   0x00000020       0x40 d:/cources/embededcources/enmbededd imt/new folder/00-tools/03-imt sdk/03- imt sdk/imt_sdk_win_64/winavr/bin/../lib/gcc/avr/4.3.3/avr5\libgcc.a(_addsub_sf.o)
 .debug_frame   0x00000060       0x20 d:/cources/embededcources/enmbededd imt/new folder/00-tools/03-imt sdk/03- imt sdk/imt_sdk_win_64/winavr/bin/../lib/gcc/avr/4.3.3/avr5\libgcc.a(_mul_sf.o)
 .debug_frame   0x00000080       0x20 d:/cources/embededcources/enmbededd imt/new folder/00-tools/03-imt sdk/03- imt sdk/imt_sdk_win_64/winavr/bin/../lib/gcc/avr/4.3.3/avr5\libgcc.a(_div_sf.o)
 .debug_frame   0x000000a0       0x20 d:/cources/embededcources/enmbededd imt/new folder/00-tools/03-imt sdk/03- imt sdk/imt_sdk_win_64/winavr/bin/../lib/gcc/avr/4.3.3/avr5\libgcc.a(_ge_sf.o)
 .debug_frame   0x000000c0       0x20 d:/cources/embededcources/enmbededd imt/new folder/00-tools/03-imt sdk/03- imt sdk/imt_sdk_win_64/winavr/bin/../lib/gcc/avr/4.3.3/avr5\libgcc.a(_lt_sf.o)
 .debug_frame   0x000000e0       0x20 d:/cources/embededcources/enmbededd imt/new folder/00-tools/03-imt sdk/03- imt sdk/imt_sdk_win_64/winavr/bin/../lib/gcc/avr/4.3.3/avr5\libgcc.a(_sf_to_si.o)
 .debug_frame   0x00000100       0x20 d:/cources/embededcources/enmbededd imt/new folder/00-tools/03-imt sdk/03- imt sdk/imt_sdk_win_64/winavr/bin/../lib/gcc/avr/4.3.3/avr5\libgcc.a(_usi_to_sf.o)
 .debug_frame   0x00000120       0x20 d:/cources/embededcources/enmbededd imt/new folder/00-tools/03-imt sdk/03- imt sdk/imt_sdk_win_64/winavr/bin/../lib/gcc/avr/4.3.3/avr5\libgcc.a(_clzsi2.o)
 .debug_frame   0x00000140       0x20 d:/cources/embededcources/enmbededd imt/new folder/00-tools/03-imt sdk/03- imt sdk/imt_sdk_win_64/winavr/bin/../lib/gcc/avr/4.3.3/avr5\libgcc.a(_pack_sf.o)
 .debug_frame   0x00000160       0x20 d:/cources/embededcources/enmbededd imt/new folder/00-tools/03-imt sdk/03- imt sdk/imt_sdk_win_64/winavr/bin/../lib/gcc/avr/4.3.3/avr5\libgcc.a(_unpack_sf.o)
 .debug_frame   0x00000180       0x20 d:/cources/embededcources/enmbededd imt/new folder/00-tools/03-imt sdk/03- imt sdk/imt_sdk_win_64/winavr/bin/../lib/gcc/avr/4.3.3/avr5\libgcc.a(_fpcmp_parts_sf.o)

.debug_str      0x00000000      0x2ee
 *(.debug_str)
 .debug_str     0x00000000       0xbf d:/cources/embededcources/enmbededd imt/new folder/00-tools/03-imt sdk/03- imt sdk/imt_sdk_win_64/winavr/bin/../lib/gcc/avr/4.3.3/avr5\libgcc.a(_fixunssfsi.o)
                                 0xfe (size before relaxing)
 .debug_str     0x000000bf      0x14d d:/cources/embededcources/enmbededd imt/new folder/00-tools/03-imt sdk/03- imt sdk/imt_sdk_win_64/winavr/bin/../lib/gcc/avr/4.3.3/avr5\libgcc.a(_addsub_sf.o)
                                0x206 (size before relaxing)
 .debug_str     0x0000020c       0x27 d:/cources/embededcources/enmbededd imt/new folder/00-tools/03-imt sdk/03- imt sdk/imt_sdk_win_64/winavr/bin/../lib/gcc/avr/4.3.3/avr5\libgcc.a(_mul_sf.o)
                                0x1bf (size before relaxing)
 .debug_str     0x00000233       0x35 d:/cources/embededcources/enmbededd imt/new folder/00-tools/03-imt sdk/03- imt sdk/imt_sdk_win_64/winavr/bin/../lib/gcc/avr/4.3.3/avr5\libgcc.a(_div_sf.o)
                                0x1c8 (size before relaxing)
 .debug_str     0x00000268        0x8 d:/cources/embededcources/enmbededd imt/new folder/00-tools/03-imt sdk/03- imt sdk/imt_sdk_win_64/winavr/bin/../lib/gcc/avr/4.3.3/avr5\libgcc.a(_ge_sf.o)
                                0x195 (size before relaxing)
 .debug_str     0x00000270        0x8 d:/cources/embededcources/enmbededd imt/new folder/00-tools/03-imt sdk/03- imt sdk/imt_sdk_win_64/winavr/bin/../lib/gcc/avr/4.3.3/avr5\libgcc.a(_lt_sf.o)
                                0x195 (size before relaxing)
 .debug_str     0x00000278        0xa d:/cources/embededcources/enmbededd imt/new folder/00-tools/03-imt sdk/03- imt sdk/imt_sdk_win_64/winavr/bin/../lib/gcc/avr/4.3.3/avr5\libgcc.a(_sf_to_si.o)
                                0x19e (size before relaxing)
 .debug_str     0x00000000      0x103 d:/cources/embededcources/enmbededd imt/new folder/00-tools/03-imt sdk/03- imt sdk/imt_sdk_win_64/winavr/bin/../lib/gcc/avr/4.3.3/avr5\libgcc.a(_thenan_sf.o)
 .debug_str     0x00000282       0x21 d:/cources/embededcources/enmbededd imt/new folder/00-tools/03-imt sdk/03- imt sdk/imt_sdk_win_64/winavr/bin/../lib/gcc/avr/4.3.3/avr5\libgcc.a(_usi_to_sf.o)
                                0x177 (size before relaxing)
 .debug_str     0x000002a3       0x20 d:/cources/embededcources/enmbededd imt/new folder/00-tools/03-imt sdk/03- imt sdk/imt_sdk_win_64/winavr/bin/../lib/gcc/avr/4.3.3/avr5\libgcc.a(_clzsi2.o)
                                0x111 (size before relaxing)
 .debug_str     0x000002c3       0x10 d:/cources/embededcources/enmbededd imt/new folder/00-tools/03-imt sdk/03- imt sdk/imt_sdk_win_64/winavr/bin/../lib/gcc/avr/4.3.3/avr5\libgcc.a(_pack_sf.o)
                                0x19d (size before relaxing)
 .debug_str     0x000002d3        0xb d:/cources/embededcources/enmbededd imt/new folder/00-tools/03-imt sdk/03- imt sdk/imt_sdk_win_64/winavr/bin/../lib/gcc/avr/4.3.3/avr5\libgcc.a(_unpack_sf.o)
                                0x17f (size before relaxing)
 .debug_str     0x000002de       0x10 d:/cources/embededcources/enmbededd imt/new folder/00-tools/03-imt sdk/03- imt sdk/imt_sdk_win_64/winavr/bin/../lib/gcc/avr/4.3.3/avr5\libgcc.a(_fpcmp_parts_sf.o)
                                0x163 (size before relaxing)
 .debug_str     0x00000000       0xf4 d:/cources/embededcources/enmbededd imt/new folder/00-tools/03-imt sdk/03- imt sdk/imt_sdk_win_64/winavr/bin/../lib/gcc/avr/4.3.3/avr5\libgcc.a(_clz.o)

.debug_loc      0x00000000      0x932
 *(.debug_loc)
 .debug_loc     0x00000000       0x34 d:/cources/embededcources/enmbededd imt/new folder/00-tools/03-imt sdk/03- imt sdk/imt_sdk_win_64/winavr/bin/../lib/gcc/avr/4.3.3/avr5\libgcc.a(_fixunssfsi.o)
 .debug_loc     0x00000034      0x32a d:/cources/embededcources/enmbededd imt/new folder/00-tools/03-imt sdk/03- imt sdk/imt_sdk_win_64/winavr/bin/../lib/gcc/avr/4.3.3/avr5\libgcc.a(_addsub_sf.o)
 .debug_loc     0x0000035e      0x104 d:/cources/embededcources/enmbededd imt/new folder/00-tools/03-imt sdk/03- imt sdk/imt_sdk_win_64/winavr/bin/../lib/gcc/avr/4.3.3/avr5\libgcc.a(_mul_sf.o)
 .debug_loc     0x00000462       0xc0 d:/cources/embededcources/enmbededd imt/new folder/00-tools/03-imt sdk/03- imt sdk/imt_sdk_win_64/winavr/bin/../lib/gcc/avr/4.3.3/avr5\libgcc.a(_div_sf.o)
 .debug_loc     0x00000522       0x3c d:/cources/embededcources/enmbededd imt/new folder/00-tools/03-imt sdk/03- imt sdk/imt_sdk_win_64/winavr/bin/../lib/gcc/avr/4.3.3/avr5\libgcc.a(_ge_sf.o)
 .debug_loc     0x0000055e       0x3c d:/cources/embededcources/enmbededd imt/new folder/00-tools/03-imt sdk/03- imt sdk/imt_sdk_win_64/winavr/bin/../lib/gcc/avr/4.3.3/avr5\libgcc.a(_lt_sf.o)
 .debug_loc     0x0000059a       0x7e d:/cources/embededcources/enmbededd imt/new folder/00-tools/03-imt sdk/03- imt sdk/imt_sdk_win_64/winavr/bin/../lib/gcc/avr/4.3.3/avr5\libgcc.a(_sf_to_si.o)
 .debug_loc     0x00000618       0x4c d:/cources/embededcources/enmbededd imt/new folder/00-tools/03-imt sdk/03- imt sdk/imt_sdk_win_64/winavr/bin/../lib/gcc/avr/4.3.3/avr5\libgcc.a(_usi_to_sf.o)
 .debug_loc     0x00000664       0x94 d:/cources/embededcources/enmbededd imt/new folder/00-tools/03-imt sdk/03- imt sdk/imt_sdk_win_64/winavr/bin/../lib/gcc/avr/4.3.3/avr5\libgcc.a(_clzsi2.o)
 .debug_loc     0x000006f8      0x13e d:/cources/embededcources/enmbededd imt/new folder/00-tools/03-imt sdk/03- imt sdk/imt_sdk_win_64/winavr/bin/../lib/gcc/avr/4.3.3/avr5\libgcc.a(_pack_sf.o)
 .debug_loc     0x00000836       0xac d:/cources/embededcources/enmbededd imt/new folder/00-tools/03-imt sdk/03- imt sdk/imt_sdk_win_64/winavr/bin/../lib/gcc/avr/4.3.3/avr5\libgcc.a(_unpack_sf.o)
 .debug_loc     0x000008e2       0x50 d:/cources/embededcources/enmbededd imt/new folder/00-tools/03-imt sdk/03- imt sdk/imt_sdk_win_64/winavr/bin/../lib/gcc/avr/4.3.3/avr5\libgcc.a(_fpcmp_parts_sf.o)

.debug_macinfo
 *(.debug_macinfo)
OUTPUT(SmartHome_Project.elf elf32-avr)
LOAD linker stubs

.debug_ranges   0x00000000       0x50
 .debug_ranges  0x00000000       0x50 d:/cources/embededcources/enmbededd imt/new folder/00-tools/03-imt sdk/03- imt sdk/imt_sdk_win_64/winavr/bin/../lib/gcc/avr/4.3.3/avr5\libgcc.a(_mul_sf.o)
